Component: ARM Compiler 5.06 update 6 (build 750) Tool: armlink [4d35ed]

==============================================================================

Section Cross References

    startup_stm32h750xx.o(RESET) refers to startup_stm32h750xx.o(STACK) for __initial_sp
    startup_stm32h750xx.o(RESET) refers to startup_stm32h750xx.o(.text) for Reset_Handler
    startup_stm32h750xx.o(RESET) refers to stm32h7xx_it.o(i.NMI_Handler) for NMI_Handler
    startup_stm32h750xx.o(RESET) refers to stm32h7xx_it.o(i.HardFault_Handler) for HardFault_Handler
    startup_stm32h750xx.o(RESET) refers to stm32h7xx_it.o(i.MemManage_Handler) for MemManage_Handler
    startup_stm32h750xx.o(RESET) refers to stm32h7xx_it.o(i.BusFault_Handler) for BusFault_Handler
    startup_stm32h750xx.o(RESET) refers to stm32h7xx_it.o(i.UsageFault_Handler) for UsageFault_Handler
    startup_stm32h750xx.o(RESET) refers to stm32h7xx_it.o(i.SVC_Handler) for SVC_Handler
    startup_stm32h750xx.o(RESET) refers to stm32h7xx_it.o(i.DebugMon_Handler) for DebugMon_Handler
    startup_stm32h750xx.o(RESET) refers to stm32h7xx_it.o(i.PendSV_Handler) for PendSV_Handler
    startup_stm32h750xx.o(RESET) refers to stm32h7xx_it.o(i.SysTick_Handler) for SysTick_Handler
    startup_stm32h750xx.o(RESET) refers to stm32h7xx_it.o(i.QUADSPI_IRQHandler) for QUADSPI_IRQHandler
    startup_stm32h750xx.o(RESET) refers to stm32h7xx_it.o(i.OTG_FS_IRQHandler) for OTG_FS_IRQHandler
    startup_stm32h750xx.o(RESET) refers to stm32h7xx_it.o(i.MDMA_IRQHandler) for MDMA_IRQHandler
    startup_stm32h750xx.o(.text) refers to system_stm32h7xx.o(i.ExitRun0Mode) for ExitRun0Mode
    startup_stm32h750xx.o(.text) refers to system_stm32h7xx.o(i.SystemInit) for SystemInit
    startup_stm32h750xx.o(.text) refers to entry.o(.ARM.Collect$$$$00000000) for __main
    main.o(i.BSP_MPU_ConfigRegion) refers to stm32h7xx_hal_cortex.o(i.HAL_MPU_Disable) for HAL_MPU_Disable
    main.o(i.BSP_MPU_ConfigRegion) refers to stm32h7xx_hal_cortex.o(i.HAL_MPU_ConfigRegion) for HAL_MPU_ConfigRegion
    main.o(i.BSP_MPU_ConfigRegion) refers to stm32h7xx_hal_cortex.o(i.HAL_MPU_Enable) for HAL_MPU_Enable
    main.o(i.SystemClock_Config) refers to memseta.o(.text) for __aeabi_memclr4
    main.o(i.SystemClock_Config) refers to stm32h7xx_hal_pwr_ex.o(i.HAL_PWREx_ConfigSupply) for HAL_PWREx_ConfigSupply
    main.o(i.SystemClock_Config) refers to stm32h7xx_hal_rcc.o(i.HAL_RCC_OscConfig) for HAL_RCC_OscConfig
    main.o(i.SystemClock_Config) refers to main.o(i.Error_Handler) for Error_Handler
    main.o(i.SystemClock_Config) refers to stm32h7xx_hal_rcc.o(i.HAL_RCC_ClockConfig) for HAL_RCC_ClockConfig
    main.o(i.cpu_mpu_config) refers to main.o(i.BSP_MPU_ConfigRegion) for BSP_MPU_ConfigRegion
    main.o(i.fgetc) refers to stm32h7xx_hal_uart.o(i.HAL_UART_Receive) for HAL_UART_Receive
    main.o(i.fgetc) refers to usart.o(.bss) for huart1
    main.o(i.flash_fatfs_test) refers to memcpya.o(.text) for __aeabi_memcpy4
    main.o(i.flash_fatfs_test) refers to printf8.o(i.__0printf$8) for __2printf
    main.o(i.flash_fatfs_test) refers to ff.o(i.f_mount) for f_mount
    main.o(i.flash_fatfs_test) refers to ff.o(i.f_open) for f_open
    main.o(i.flash_fatfs_test) refers to ff.o(i.f_write) for f_write
    main.o(i.flash_fatfs_test) refers to ff.o(i.f_close) for f_close
    main.o(i.flash_fatfs_test) refers to ff.o(i.f_read) for f_read
    main.o(i.flash_fatfs_test) refers to main.o(.conststring) for .conststring
    main.o(i.fputc) refers to stm32h7xx_hal_uart.o(i.HAL_UART_Transmit) for HAL_UART_Transmit
    main.o(i.fputc) refers to usart.o(.bss) for huart1
    main.o(i.main) refers to main.o(i.cpu_mpu_config) for cpu_mpu_config
    main.o(i.main) refers to stm32h7xx_hal.o(i.HAL_Init) for HAL_Init
    main.o(i.main) refers to main.o(i.SystemClock_Config) for SystemClock_Config
    main.o(i.main) refers to gpio.o(i.MX_GPIO_Init) for MX_GPIO_Init
    main.o(i.main) refers to mdma.o(i.MX_MDMA_Init) for MX_MDMA_Init
    main.o(i.main) refers to usart.o(i.MX_USART1_UART_Init) for MX_USART1_UART_Init
    main.o(i.main) refers to quadspi.o(i.MX_QUADSPI_Init) for MX_QUADSPI_Init
    main.o(i.main) refers to bsp_flash_qspi.o(i.bsp_w25qxx_Init) for bsp_w25qxx_Init
    main.o(i.main) refers to bsp_usb_msc.o(i.msc_ram_init) for msc_ram_init
    main.o(i.main) refers to boot.o(i.boot_main) for boot_main
    gpio.o(i.MX_GPIO_Init) refers to memseta.o(.text) for __aeabi_memclr4
    gpio.o(i.MX_GPIO_Init) refers to stm32h7xx_hal_gpio.o(i.HAL_GPIO_WritePin) for HAL_GPIO_WritePin
    gpio.o(i.MX_GPIO_Init) refers to stm32h7xx_hal_gpio.o(i.HAL_GPIO_Init) for HAL_GPIO_Init
    mdma.o(i.MX_MDMA_Init) refers to stm32h7xx_hal_mdma.o(i.HAL_MDMA_Init) for HAL_MDMA_Init
    mdma.o(i.MX_MDMA_Init) refers to main.o(i.Error_Handler) for Error_Handler
    mdma.o(i.MX_MDMA_Init) refers to stm32h7xx_hal_mdma.o(i.HAL_MDMA_ConfigPostRequestMask) for HAL_MDMA_ConfigPostRequestMask
[...]
    _printf_n                                0x00000000   Number         0  stubs.o ABSOLUTE
    _printf_o                                0x00000000   Number         0  stubs.o ABSOLUTE
    _printf_p                                0x00000000   Number         0  stubs.o ABSOLUTE
    _printf_percent                          0x00000000   Number         0  stubs.o ABSOLUTE
    _printf_pre_padding                      0x00000000   Number         0  stubs.o ABSOLUTE
    _printf_return_value                     0x00000000   Number         0  stubs.o ABSOLUTE
    _printf_s                                0x00000000   Number         0  stubs.o ABSOLUTE
    _printf_sizespec                         0x00000000   Number         0  stubs.o ABSOLUTE
    _printf_str                              0x00000000   Number         0  stubs.o ABSOLUTE
    _printf_truncate_signed                  0x00000000   Number         0  stubs.o ABSOLUTE
    _printf_truncate_unsigned                0x00000000   Number         0  stubs.o ABSOLUTE
    _printf_u                                0x00000000   Number         0  stubs.o ABSOLUTE
    _printf_wc                               0x00000000   Number         0  stubs.o ABSOLUTE
    _printf_wctomb                           0x00000000   Number         0  stubs.o ABSOLUTE
    _printf_widthprec                        0x00000000   Number         0  stubs.o ABSOLUTE
    _printf_x                                0x00000000   Number         0  stubs.o ABSOLUTE
    __cpp_initialize__aeabi_                  - Undefined Weak Reference
    __cxa_finalize                            - Undefined Weak Reference
    _clock_init                               - Undefined Weak Reference
    _microlib_exit                            - Undefined Weak Reference
    __Vectors_Size                           0x00000298   Number         0  startup_stm32h750xx.o ABSOLUTE
    __Vectors                                0x08000000   Data           4  startup_stm32h750xx.o(RESET)
    __Vectors_End                            0x08000298   Data           0  startup_stm32h750xx.o(RESET)
    __main                                   0x08000299   Thumb Code     0  entry.o(.ARM.Collect$$$$00000000)
    _main_stk                                0x08000299   Thumb Code     0  entry2.o(.ARM.Collect$$$$00000001)
    _main_scatterload                        0x0800029d   Thumb Code     0  entry5.o(.ARM.Collect$$$$00000004)
    __main_after_scatterload                 0x080002a1   Thumb Code     0  entry5.o(.ARM.Collect$$$$00000004)
    _main_clock                              0x080002a1   Thumb Code     0  entry7b.o(.ARM.Collect$$$$00000008)
    _main_cpp_init                           0x080002a1   Thumb Code     0  entry8b.o(.ARM.Collect$$$$0000000A)
    _main_init                               0x080002a1   Thumb Code     0  entry9a.o(.ARM.Collect$$$$0000000B)
    __rt_final_cpp                           0x080002a9   Thumb Code     0  entry10a.o(.ARM.Collect$$$$0000000D)
    __rt_final_exit                          0x080002a9   Thumb Code     0  entry11a.o(.ARM.Collect$$$$0000000F)
    Reset_Handler                            0x080002ad   Thumb Code    12  startup_stm32h750xx.o(.text)
    ADC3_IRQHandler                          0x080002cb   Thumb Code     0  startup_stm32h750xx.o(.text)
    ADC_IRQHandler                           0x080002cb   Thumb Code     0  startup_stm32h750xx.o(.text)
    BDMA_Channel0_IRQHandler                 0x080002cb   Thumb Code     0  startup_stm32h750xx.o(.text)
    BDMA_Channel1_IRQHandler                 0x080002cb   Thumb Code     0  startup_stm32h750xx.o(.text)
    BDMA_Channel2_IRQHandler                 0x080002cb   Thumb Code     0  startup_stm32h750xx.o(.text)
    BDMA_Channel3_IRQHandler                 0x080002cb   Thumb Code     0  startup_stm32h750xx.o(.text)
    BDMA_Channel4_IRQHandler                 0x080002cb   Thumb Code     0  startup_stm32h750xx.o(.text)
    BDMA_Channel5_IRQHandler                 0x080002cb   Thumb Code     0  startup_stm32h750xx.o(.text)
    BDMA_Channel6_IRQHandler                 0x080002cb   Thumb Code     0  startup_stm32h750xx.o(.text)
    BDMA_Channel7_IRQHandler                 0x080002cb   Thumb Code     0  startup_stm32h750xx.o(.text)
    CEC_IRQHandler                           0x080002cb   Thumb Code     0  startup_stm32h750xx.o(.text)
    COMP1_IRQHandler                         0x080002cb   Thumb Code     0  startup_stm32h750xx.o(.text)
    CRS_IRQHandler                           0x080002cb   Thumb Code     0  startup_stm32h750xx.o(.text)
    CRYP_IRQHandler                          0x080002cb   Thumb Code     0  startup_stm32h750xx.o(.text)
    DCMI_IRQHandler                          0x080002cb   Thumb Code     0  startup_stm32h750xx.o(.text)
    DFSDM1_FLT0_IRQHandler                   0x080002cb   Thumb Code     0  startup_stm32h750xx.o(.text)
    DFSDM1_FLT1_IRQHandler                   0x080002cb   Thumb Code     0  startup_stm32h750xx.o(.text)
    DFSDM1_FLT2_IRQHandler                   0x080002cb   Thumb Code     0  startup_stm32h750xx.o(.text)
    DFSDM1_FLT3_IRQHandler                   0x080002cb   Thumb Code     0  startup_stm32h750xx.o(.text)
    DMA1_Stream0_IRQHandler                  0x080002cb   Thumb Code     0  startup_stm32h750xx.o(.text)
    DMA1_Stream1_IRQHandler                  0x080002cb   Thumb Code     0  startup_stm32h750xx.o(.text)
    DMA1_Stream2_IRQHandler                  0x080002cb   Thumb Code     0  startup_stm32h750xx.o(.text)
    DMA1_Stream3_IRQHandler                  0x080002cb   Thumb Code     0  startup_stm32h750xx.o(.text)
    DMA1_Stream4_IRQHandler                  0x080002cb   Thumb Code     0  startup_stm32h750xx.o(.text)
    DMA1_Stream5_IRQHandler                  0x080002cb   Thumb Code     0  startup_stm32h750xx.o(.text)
    DMA1_Stream6_IRQHandler                  0x080002cb   Thumb Code     0  startup_stm32h750xx.o(.text)
    DMA1_Stream7_IRQHandler                  0x080002cb   Thumb Code     0  startup_stm32h750xx.o(.text)
    DMA2D_IRQHandler                         0x080002cb   Thumb Code     0  startup_stm32h750xx.o(.text)
    DMA2_Stream0_IRQHandler                  0x080002cb   Thumb Code     0  startup_stm32h750xx.o(.text)
    DMA2_Stream1_IRQHandler                  0x080002cb   Thumb Code     0  startup_stm32h750xx.o(.text)
    DMA2_Stream2_IRQHandler                  0x080002cb   Thumb Code     0  startup_stm32h750xx.o(.text)
    DMA2_Stream3_IRQHandler                  0x080002cb   Thumb Code     0  startup_stm32h750xx.o(.text)
    DMA2_Stream4_IRQHandler                  0x080002cb   Thumb Code     0  startup_stm32h750xx.o(.text)
    DMA2_Stream5_IRQHandler                  0x080002cb   Thumb Code     0  startup_stm32h750xx.o(.text)
    DMA2_Stream6_IRQHandler                  0x080002cb   Thumb Code     0  startup_stm32h750xx.o(.text)
    DMA2_Stream7_IRQHandler                  0x080002cb   Thumb Code     0  startup_stm32h750xx.o(.text)
    DMAMUX1_OVR_IRQHandler                   0x080002cb   Thumb Code     0  startup_stm32h750xx.o(.text)
    DMAMUX2_OVR_IRQHandler                   0x080002cb   Thumb Code     0  startup_stm32h750xx.o(.text)
    ECC_IRQHandler                           0x080002cb   Thumb Code     0  startup_stm32h750xx.o(.text)
    ETH_IRQHandler                           0x080002cb   Thumb Code     0  startup_stm32h750xx.o(.text)
    ETH_WKUP_IRQHandler                      0x080002cb   Thumb Code     0  startup_stm32h750xx.o(.text)
    EXTI0_IRQHandler                         0x080002cb   Thumb Code     0  startup_stm32h750xx.o(.text)
    EXTI15_10_IRQHandler                     0x080002cb   Thumb Code     0  startup_stm32h750xx.o(.text)
    EXTI1_IRQHandler                         0x080002cb   Thumb Code     0  startup_stm32h750xx.o(.text)
    EXTI2_IRQHandler                         0x080002cb   Thumb Code     0  startup_stm32h750xx.o(.text)
    EXTI3_IRQHandler                         0x080002cb   Thumb Code     0  startup_stm32h750xx.o(.text)
    EXTI4_IRQHandler                         0x080002cb   Thumb Code     0  startup_stm32h750xx.o(.text)
    EXTI9_5_IRQHandler                       0x080002cb   Thumb Code     0  startup_stm32h750xx.o(.text)
    FDCAN1_IT0_IRQHandler                    0x080002cb   Thumb Code     0  startup_stm32h750xx.o(.text)
    FDCAN1_IT1_IRQHandler                    0x080002cb   Thumb Code     0  startup_stm32h750xx.o(.text)
    FDCAN2_IT0_IRQHandler                    0x080002cb   Thumb Code     0  startup_stm32h750xx.o(.text)
    FDCAN2_IT1_IRQHandler                    0x080002cb   Thumb Code     0  startup_stm32h750xx.o(.text)
    FDCAN_CAL_IRQHandler                     0x080002cb   Thumb Code     0  startup_stm32h750xx.o(.text)
    FLASH_IRQHandler                         0x080002cb   Thumb Code     0  startup_stm32h750xx.o(.text)
    FMC_IRQHandler                           0x080002cb   Thumb Code     0  startup_stm32h750xx.o(.text)
    FPU_IRQHandler                           0x080002cb   Thumb Code     0  startup_stm32h750xx.o(.text)
    HASH_RNG_IRQHandler                      0x080002cb   Thumb Code     0  startup_stm32h750xx.o(.text)
    HRTIM1_FLT_IRQHandler                    0x080002cb   Thumb Code     0  startup_stm32h750xx.o(.text)
    HRTIM1_Master_IRQHandler                 0x080002cb   Thumb Code     0  startup_stm32h750xx.o(.text)
    HRTIM1_TIMA_IRQHandler                   0x080002cb   Thumb Code     0  startup_stm32h750xx.o(.text)
    HRTIM1_TIMB_IRQHandler                   0x080002cb   Thumb Code     0  startup_stm32h750xx.o(.text)
    HRTIM1_TIMC_IRQHandler                   0x080002cb   Thumb Code     0  startup_stm32h750xx.o(.text)
    HRTIM1_TIMD_IRQHandler                   0x080002cb   Thumb Code     0  startup_stm32h750xx.o(.text)
    HRTIM1_TIME_IRQHandler                   0x080002cb   Thumb Code     0  startup_stm32h750xx.o(.text)
    HSEM1_IRQHandler                         0x080002cb   Thumb Code     0  startup_stm32h750xx.o(.text)
    I2C1_ER_IRQHandler                       0x080002cb   Thumb Code     0  startup_stm32h750xx.o(.text)
    I2C1_EV_IRQHandler                       0x080002cb   Thumb Code     0  startup_stm32h750xx.o(.text)
    I2C2_ER_IRQHandler                       0x080002cb   Thumb Code     0  startup_stm32h750xx.o(.text)
    I2C2_EV_IRQHandler                       0x080002cb   Thumb Code     0  startup_stm32h750xx.o(.text)
    I2C3_ER_IRQHandler                       0x080002cb   Thumb Code     0  startup_stm32h750xx.o(.text)
    I2C3_EV_IRQHandler                       0x080002cb   Thumb Code     0  startup_stm32h750xx.o(.text)
    I2C4_ER_IRQHandler                       0x080002cb   Thumb Code     0  startup_stm32h750xx.o(.text)
    I2C4_EV_IRQHandler                       0x080002cb   Thumb Code     0  startup_stm32h750xx.o(.text)
    JPEG_IRQHandler                          0x080002cb   Thumb Code     0  startup_stm32h750xx.o(.text)
    LPTIM1_IRQHandler                        0x080002cb   Thumb Code     0  startup_stm32h750xx.o(.text)
    LPTIM2_IRQHandler                        0x080002cb   Thumb Code     0  startup_stm32h750xx.o(.text)
    LPTIM3_IRQHandler                        0x080002cb   Thumb Code     0  startup_stm32h750xx.o(.text)
    LPTIM4_IRQHandler                        0x080002cb   Thumb Code     0  startup_stm32h750xx.o(.text)
    LPTIM5_IRQHandler                        0x080002cb   Thumb Code     0  startup_stm32h750xx.o(.text)
    LPUART1_IRQHandler                       0x080002cb   Thumb Code     0  startup_stm32h750xx.o(.text)
    LTDC_ER_IRQHandler                       0x080002cb   Thumb Code     0  startup_stm32h750xx.o(.text)
    LTDC_IRQHandler                          0x080002cb   Thumb Code     0  startup_stm32h750xx.o(.text)
    MDIOS_IRQHandler                         0x080002cb   Thumb Code     0  startup_stm32h750xx.o(.text)
    MDIOS_WKUP_IRQHandler                    0x080002cb   Thumb Code     0  startup_stm32h750xx.o(.text)
    OTG_FS_EP1_IN_IRQHandler                 0x080002cb   Thumb Code     0  startup_stm32h750xx.o(.text)
    OTG_FS_EP1_OUT_IRQHandler                0x080002cb   Thumb Code     0  startup_stm32h750xx.o(.text)
    OTG_FS_WKUP_IRQHandler                   0x080002cb   Thumb Code     0  startup_stm32h750xx.o(.text)
    OTG_HS_EP1_IN_IRQHandler                 0x080002cb   Thumb Code     0  startup_stm32h750xx.o(.text)
    OTG_HS_EP1_OUT_IRQHandler                0x080002cb   Thumb Code     0  startup_stm32h750xx.o(.text)
    OTG_HS_IRQHandler                        0x080002cb   Thumb Code     0  startup_stm32h750xx.o(.text)
    OTG_HS_WKUP_IRQHandler                   0x080002cb   Thumb Code     0  startup_stm32h750xx.o(.text)
    PVD_AVD_IRQHandler                       0x080002cb   Thumb Code     0  startup_stm32h750xx.o(.text)
    RCC_IRQHandler                           0x080002cb   Thumb Code     0  startup_stm32h750xx.o(.text)
    RTC_Alarm_IRQHandler                     0x080002cb   Thumb Code     0  startup_stm32h750xx.o(.text)
    RTC_WKUP_IRQHandler                      0x080002cb   Thumb Code     0  startup_stm32h750xx.o(.text)
    SAI1_IRQHandler                          0x080002cb   Thumb Code     0  startup_stm32h750xx.o(.text)
    SAI2_IRQHandler                          0x080002cb   Thumb Code     0  startup_stm32h750xx.o(.text)
    SAI3_IRQHandler                          0x080002cb   Thumb Code     0  startup_stm32h750xx.o(.text)
    SAI4_IRQHandler                          0x080002cb   Thumb Code     0  startup_stm32h750xx.o(.text)
    SDMMC1_IRQHandler                        0x080002cb   Thumb Code     0  startup_stm32h750xx.o(.text)
    SDMMC2_IRQHandler                        0x080002cb   Thumb Code     0  startup_stm32h750xx.o(.text)
    SPDIF_RX_IRQHandler                      0x080002cb   Thumb Code     0  startup_stm32h750xx.o(.text)
    SPI1_IRQHandler                          0x080002cb   Thumb Code     0  startup_stm32h750xx.o(.text)
    SPI2_IRQHandler                          0x080002cb   Thumb Code     0  startup_stm32h750xx.o(.text)
    SPI3_IRQHandler                          0x080002cb   Thumb Code     0  startup_stm32h750xx.o(.text)
    SPI4_IRQHandler                          0x080002cb   Thumb Code     0  startup_stm32h750xx.o(.text)
    SPI5_IRQHandler                          0x080002cb   Thumb Code     0  startup_stm32h750xx.o(.text)
    SPI6_IRQHandler                          0x080002cb   Thumb Code     0  startup_stm32h750xx.o(.text)
    SWPMI1_IRQHandler                        0x080002cb   Thumb Code     0  startup_stm32h750xx.o(.text)
    TAMP_STAMP_IRQHandler                    0x080002cb   Thumb Code     0  startup_stm32h750xx.o(.text)
    TIM15_IRQHandler                         0x080002cb   Thumb Code     0  startup_stm32h750xx.o(.text)
    TIM16_IRQHandler                         0x080002cb   Thumb Code     0  startup_stm32h750xx.o(.text)
    TIM17_IRQHandler                         0x080002cb   Thumb Code     0  startup_stm32h750xx.o(.text)
    TIM1_BRK_IRQHandler                      0x080002cb   Thumb Code     0  startup_stm32h750xx.o(.text)
    TIM1_CC_IRQHandler                       0x080002cb   Thumb Code     0  startup_stm32h750xx.o(.text)
    TIM1_TRG_COM_IRQHandler                  0x080002cb   Thumb Code     0  startup_stm32h750xx.o(.text)
    TIM1_UP_IRQHandler                       0x080002cb   Thumb Code     0  startup_stm32h750xx.o(.text)
    TIM2_IRQHandler                          0x080002cb   Thumb Code     0  startup_stm32h750xx.o(.text)
    TIM3_IRQHandler                          0x080002cb   Thumb Code     0  startup_stm32h750xx.o(.text)
    TIM4_IRQHandler                          0x080002cb   Thumb Code     0  startup_stm32h750xx.o(.text)
    TIM5_IRQHandler                          0x080002cb   Thumb Code     0  startup_stm32h750xx.o(.text)
    TIM6_DAC_IRQHandler                      0x080002cb   Thumb Code     0  startup_stm32h750xx.o(.text)
    TIM7_IRQHandler                          0x080002cb   Thumb Code     0  startup_stm32h750xx.o(.text)
    TIM8_BRK_TIM12_IRQHandler                0x080002cb   Thumb Code     0  startup_stm32h750xx.o(.text)
    TIM8_CC_IRQHandler                       0x080002cb   Thumb Code     0  startup_stm32h750xx.o(.text)
    TIM8_TRG_COM_TIM14_IRQHandler            0x080002cb   Thumb Code     0  startup_stm32h750xx.o(.text)
    TIM8_UP_TIM13_IRQHandler                 0x080002cb   Thumb Code     0  startup_stm32h750xx.o(.text)
    UART4_IRQHandler                         0x080002cb   Thumb Code     0  startup_stm32h750xx.o(.text)
    UART5_IRQHandler                         0x080002cb   Thumb Code     0  startup_stm32h750xx.o(.text)
    UART7_IRQHandler                         0x080002cb   Thumb Code     0  startup_stm32h750xx.o(.text)
    UART8_IRQHandler                         0x080002cb   Thumb Code     0  startup_stm32h750xx.o(.text)
    USART1_IRQHandler                        0x080002cb   Thumb Code     0  startup_stm32h750xx.o(.text)
    USART2_IRQHandler                        0x080002cb   Thumb Code     0  startup_stm32h750xx.o(.text)
    USART3_IRQHandler                        0x080002cb   Thumb Code     0  startup_stm32h750xx.o(.text)
    USART6_IRQHandler                        0x080002cb   Thumb Code     0  startup_stm32h750xx.o(.text)
    WAKEUP_PIN_IRQHandler                    0x080002cb   Thumb Code     0  startup_stm32h750xx.o(.text)
    WWDG_IRQHandler                          0x080002cb   Thumb Code     0  startup_stm32h750xx.o(.text)
    __aeabi_uldivmod                         0x080002d9   Thumb Code    98  uldiv.o(.text)
    __aeabi_memcpy                           0x0800033b   Thumb Code    36  memcpya.o(.text)
    __aeabi_memcpy4                          0x0800033b   Thumb Code     0  memcpya.o(.text)
    __aeabi_memcpy8                          0x0800033b   Thumb Code     0  memcpya.o(.text)
    __aeabi_memset                           0x0800035f   Thumb Code    14  memseta.o(.text)
    __aeabi_memset4                          0x0800035f   Thumb Code     0  memseta.o(.text)
    __aeabi_memset8                          0x0800035f   Thumb Code     0  memseta.o(.text)
    __aeabi_memclr                           0x0800036d   Thumb Code     4  memseta.o(.text)
    __aeabi_memclr4                          0x0800036d   Thumb Code     0  memseta.o(.text)
    __aeabi_memclr8                          0x0800036d   Thumb Code     0  memseta.o(.text)
    _memset$wrapper                          0x08000371   Thumb Code    18  memseta.o(.text)
    strchr                                   0x08000383   Thumb Code    20  strchr.o(.text)
    memcmp                                   0x08000397   Thumb Code    26  memcmp.o(.text)
    __aeabi_llsl                             0x080003b1   Thumb Code    30  llshl.o(.text)
    _ll_shift_l                              0x080003b1   Thumb Code     0  llshl.o(.text)
    __aeabi_llsr                             0x080003cf   Thumb Code    32  llushr.o(.text)
    _ll_ushift_r                             0x080003cf   Thumb Code     0  llushr.o(.text)
    __scatterload                            0x080003f1   Thumb Code    28  init.o(.text)
    __scatterload_rt2                        0x080003f1   Thumb Code     0  init.o(.text)
    __decompress                             0x08000415   Thumb Code     0  __dczerorl2.o(.text)
    __decompress1                            0x08000415   Thumb Code    86  __dczerorl2.o(.text)
    BusFault_Handler                         0x080004c1   Thumb Code     4  stm32h7xx_it.o(i.BusFault_Handler)
    DebugMon_Handler                         0x080004c5   Thumb Code     2  stm32h7xx_it.o(i.DebugMon_Handler)
    Error_Handler                            0x080004f1   Thumb Code     6  main.o(i.Error_Handler)
    ExitRun0Mode                             0x080004f9   Thumb Code    30  system_stm32h7xx.o(i.ExitRun0Mode)
    FLASH_Erase_Sector                       0x0800051d   Thumb Code    88  stm32h7xx_hal_flash_ex.o(i.FLASH_Erase_Sector)
    FLASH_WaitForLastOperation               0x0800061d   Thumb Code   230  stm32h7xx_hal_flash.o(i.FLASH_WaitForLastOperation)
    HAL_Delay                                0x08000721   Thumb Code    36  stm32h7xx_hal.o(i.HAL_Delay)
    HAL_FLASHEx_Erase                        0x08000749   Thumb Code   302  stm32h7xx_hal_flash_ex.o(i.HAL_FLASHEx_Erase)
    HAL_FLASH_Lock                           0x08000885   Thumb Code    58  stm32h7xx_hal_flash.o(i.HAL_FLASH_Lock)
    HAL_FLASH_Program                        0x080008c9   Thumb Code   286  stm32h7xx_hal_flash.o(i.HAL_FLASH_Program)
    HAL_FLASH_Unlock                         0x080009f5   Thumb Code    78  stm32h7xx_hal_flash.o(i.HAL_FLASH_Unlock)
    HAL_GPIO_Init                            0x08000a55   Thumb Code   456  stm32h7xx_hal_gpio.o(i.HAL_GPIO_Init)
    HAL_GPIO_ReadPin                         0x08000c51   Thumb Code    16  stm32h7xx_hal_gpio.o(i.HAL_GPIO_ReadPin)
    HAL_GPIO_WritePin                        0x08000c61   Thumb Code    12  stm32h7xx_hal_gpio.o(i.HAL_GPIO_WritePin)
    HAL_GetREVID                             0x08000c6d   Thumb Code     8  stm32h7xx_hal.o(i.HAL_GetREVID)
    HAL_GetTick                              0x08000c79   Thumb Code     6  stm32h7xx_hal.o(i.HAL_GetTick)
    HAL_IncTick                              0x08000c85   Thumb Code    16  stm32h7xx_hal.o(i.HAL_IncTick)
    HAL_Init                                 0x08000c9d   Thumb Code    80  stm32h7xx_hal.o(i.HAL_Init)
    HAL_InitTick                             0x08000cfd   Thumb Code    74  stm32h7xx_hal.o(i.HAL_InitTick)
    HAL_MDMA_Abort_IT                        0x08000d55   Thumb Code    46  stm32h7xx_hal_mdma.o(i.HAL_MDMA_Abort_IT)
    HAL_MDMA_ConfigPostRequestMask           0x08000d83   Thumb Code   110  stm32h7xx_hal_mdma.o(i.HAL_MDMA_ConfigPostRequestMask)
    HAL_MDMA_IRQHandler                      0x08000df1   Thumb Code   476  stm32h7xx_hal_mdma.o(i.HAL_MDMA_IRQHandler)
    HAL_MDMA_Init                            0x08000fd1   Thumb Code   108  stm32h7xx_hal_mdma.o(i.HAL_MDMA_Init)
    HAL_MDMA_Start_IT                        0x0800103d   Thumb Code   204  stm32h7xx_hal_mdma.o(i.HAL_MDMA_Start_IT)
    HAL_MPU_ConfigRegion                     0x08001109   Thumb Code    86  stm32h7xx_hal_cortex.o(i.HAL_MPU_ConfigRegion)
    HAL_MPU_Disable                          0x08001165   Thumb Code    38  stm32h7xx_hal_cortex.o(i.HAL_MPU_Disable)
    HAL_MPU_Enable                           0x08001191   Thumb Code    58  stm32h7xx_hal_cortex.o(i.HAL_MPU_Enable)
    HAL_MspInit                              0x080011d1   Thumb Code    32  stm32h7xx_hal_msp.o(i.HAL_MspInit)
    HAL_NVIC_EnableIRQ                       0x080011f5   Thumb Code    40  stm32h7xx_hal_cortex.o(i.HAL_NVIC_EnableIRQ)
    HAL_NVIC_SetPriority                     0x0800121d   Thumb Code   122  stm32h7xx_hal_cortex.o(i.HAL_NVIC_SetPriority)
    HAL_NVIC_SetPriorityGrouping             0x08001299   Thumb Code    32  stm32h7xx_hal_cortex.o(i.HAL_NVIC_SetPriorityGrouping)
    HAL_PCDEx_LPM_Callback                   0x080012c1   Thumb Code     2  stm32h7xx_hal_pcd_ex.o(i.HAL_PCDEx_LPM_Callback)
    HAL_PCD_ConnectCallback                  0x080012c3   Thumb Code     2  stm32h7xx_hal_pcd.o(i.HAL_PCD_ConnectCallback)
    HAL_PCD_DataInStageCallback              0x080012c5   Thumb Code     2  stm32h7xx_hal_pcd.o(i.HAL_PCD_DataInStageCallback)
    HAL_PCD_DataOutStageCallback             0x080012c7   Thumb Code     2  stm32h7xx_hal_pcd.o(i.HAL_PCD_DataOutStageCallback)
    HAL_PCD_DisconnectCallback               0x080012c9   Thumb Code     2  stm32h7xx_hal_pcd.o(i.HAL_PCD_DisconnectCallback)
    HAL_PCD_EP_Abort                         0x080012cb   Thumb Code    66  stm32h7xx_hal_pcd.o(i.HAL_PCD_EP_Abort)
    HAL_PCD_IRQHandler                       0x0800130d   Thumb Code  1806  stm32h7xx_hal_pcd.o(i.HAL_PCD_IRQHandler)
    HAL_PCD_ISOINIncompleteCallback          0x08001a1b   Thumb Code     2  stm32h7xx_hal_pcd.o(i.HAL_PCD_ISOINIncompleteCallback)
    HAL_PCD_ISOOUTIncompleteCallback         0x08001a1d   Thumb Code     2  stm32h7xx_hal_pcd.o(i.HAL_PCD_ISOOUTIncompleteCallback)
    HAL_PCD_ResetCallback                    0x08001a1f   Thumb Code     2  stm32h7xx_hal_pcd.o(i.HAL_PCD_ResetCallback)
    HAL_PCD_ResumeCallback                   0x08001a21   Thumb Code     2  stm32h7xx_hal_pcd.o(i.HAL_PCD_ResumeCallback)
    HAL_PCD_SOFCallback                      0x08001a23   Thumb Code     2  stm32h7xx_hal_pcd.o(i.HAL_PCD_SOFCallback)
    HAL_PCD_SetupStageCallback               0x08001a25   Thumb Code     2  stm32h7xx_hal_pcd.o(i.HAL_PCD_SetupStageCallback)
    HAL_PCD_SuspendCallback                  0x08001a27   Thumb Code     2  stm32h7xx_hal_pcd.o(i.HAL_PCD_SuspendCallback)
    HAL_PWREx_ConfigSupply                   0x08001a29   Thumb Code    90  stm32h7xx_hal_pwr_ex.o(i.HAL_PWREx_ConfigSupply)
    HAL_PWREx_EnableUSBVoltageDetector       0x08001a89   Thumb Code    14  stm32h7xx_hal_pwr_ex.o(i.HAL_PWREx_EnableUSBVoltageDetector)
    HAL_QSPI_AbortCpltCallback               0x08001a9d   Thumb Code     2  stm32h7xx_hal_qspi.o(i.HAL_QSPI_AbortCpltCallback)
    HAL_QSPI_Abort_IT                        0x08001aa1   Thumb Code   148  stm32h7xx_hal_qspi.o(i.HAL_QSPI_Abort_IT)
    HAL_QSPI_AutoPolling                     0x08001b39   Thumb Code   202  stm32h7xx_hal_qspi.o(i.HAL_QSPI_AutoPolling)
    HAL_QSPI_AutoPolling_IT                  0x08001c03   Thumb Code   206  stm32h7xx_hal_qspi.o(i.HAL_QSPI_AutoPolling_IT)
    HAL_QSPI_CmdCpltCallback                 0x08001cd1   Thumb Code    12  bsp_flash_qspi.o(i.HAL_QSPI_CmdCpltCallback)
    HAL_QSPI_Command                         0x08001ce1   Thumb Code   164  stm32h7xx_hal_qspi.o(i.HAL_QSPI_Command)
    HAL_QSPI_Command_IT                      0x08001d85   Thumb Code   180  stm32h7xx_hal_qspi.o(i.HAL_QSPI_Command_IT)
    HAL_QSPI_ErrorCallback                   0x08001e39   Thumb Code     2  stm32h7xx_hal_qspi.o(i.HAL_QSPI_ErrorCallback)
    HAL_QSPI_FifoThresholdCallback           0x08001e3b   Thumb Code     2  stm32h7xx_hal_qspi.o(i.HAL_QSPI_FifoThresholdCallback)
    HAL_QSPI_IRQHandler                      0x08001e3d   Thumb Code   638  stm32h7xx_hal_qspi.o(i.HAL_QSPI_IRQHandler)
    HAL_QSPI_Init                            0x080020c1   Thumb Code   168  stm32h7xx_hal_qspi.o(i.HAL_QSPI_Init)
    HAL_QSPI_MspInit                         0x08002171   Thumb Code   316  quadspi.o(i.HAL_QSPI_MspInit)
    HAL_QSPI_Receive                         0x080022c5   Thumb Code   228  stm32h7xx_hal_qspi.o(i.HAL_QSPI_Receive)
    HAL_QSPI_Receive_DMA                     0x080023a9   Thumb Code   378  stm32h7xx_hal_qspi.o(i.HAL_QSPI_Receive_DMA)
    HAL_QSPI_RxCpltCallback                  0x0800252d   Thumb Code    12  bsp_flash_qspi.o(i.HAL_QSPI_RxCpltCallback)
    HAL_QSPI_SetTimeout                      0x0800253d   Thumb Code     4  stm32h7xx_hal_qspi.o(i.HAL_QSPI_SetTimeout)
    HAL_QSPI_StatusMatchCallback             0x08002541   Thumb Code    12  bsp_flash_qspi.o(i.HAL_QSPI_StatusMatchCallback)
    HAL_QSPI_TimeOutCallback                 0x08002551   Thumb Code     2  stm32h7xx_hal_qspi.o(i.HAL_QSPI_TimeOutCallback)
    HAL_QSPI_Transmit                        0x08002553   Thumb Code   212  stm32h7xx_hal_qspi.o(i.HAL_QSPI_Transmit)
    HAL_QSPI_Transmit_DMA                    0x08002629   Thumb Code   356  stm32h7xx_hal_qspi.o(i.HAL_QSPI_Transmit_DMA)
    HAL_QSPI_TxCpltCallback                  0x08002795   Thumb Code    12  bsp_flash_qspi.o(i.HAL_QSPI_TxCpltCallback)
    HAL_RCCEx_GetD3PCLK1Freq                 0x080027a5   Thumb Code    26  stm32h7xx_hal_rcc_ex.o(i.HAL_RCCEx_GetD3PCLK1Freq)
    HAL_RCCEx_GetPLL2ClockFreq               0x080027c9   Thumb Code   536  stm32h7xx_hal_rcc_ex.o(i.HAL_RCCEx_GetPLL2ClockFreq)
    HAL_RCCEx_GetPLL3ClockFreq               0x080029f9   Thumb Code   536  stm32h7xx_hal_rcc_ex.o(i.HAL_RCCEx_GetPLL3ClockFreq)
    HAL_RCCEx_PeriphCLKConfig                0x08002c29   Thumb Code  3432  stm32h7xx_hal_rcc_ex.o(i.HAL_RCCEx_PeriphCLKConfig)
    HAL_RCC_ClockConfig                      0x08003991   Thumb Code   774  stm32h7xx_hal_rcc.o(i.HAL_RCC_ClockConfig)
    HAL_RCC_DeInit                           0x08003cb1   Thumb Code   516  stm32h7xx_hal_rcc.o(i.HAL_RCC_DeInit)
    HAL_RCC_GetHCLKFreq                      0x08003edd   Thumb Code    60  stm32h7xx_hal_rcc.o(i.HAL_RCC_GetHCLKFreq)
    HAL_RCC_GetPCLK1Freq                     0x08003f29   Thumb Code    26  stm32h7xx_hal_rcc.o(i.HAL_RCC_GetPCLK1Freq)
    HAL_RCC_GetPCLK2Freq                     0x08003f4d   Thumb Code    26  stm32h7xx_hal_rcc.o(i.HAL_RCC_GetPCLK2Freq)
    HAL_RCC_GetSysClockFreq                  0x08003f71   Thumb Code   524  stm32h7xx_hal_rcc.o(i.HAL_RCC_GetSysClockFreq)
    HAL_RCC_OscConfig                        0x0800419d   Thumb Code  2130  stm32h7xx_hal_rcc.o(i.HAL_RCC_OscConfig)
    HAL_SYSTICK_Config                       0x080049f5   Thumb Code    52  stm32h7xx_hal_cortex.o(i.HAL_SYSTICK_Config)
    HAL_UARTEx_DisableFifoMode               0x08004a29   Thumb Code    78  stm32h7xx_hal_uart_ex.o(i.HAL_UARTEx_DisableFifoMode)
    HAL_UARTEx_SetRxFifoThreshold            0x08004a77   Thumb Code    94  stm32h7xx_hal_uart_ex.o(i.HAL_UARTEx_SetRxFifoThreshold)
    HAL_UARTEx_SetTxFifoThreshold            0x08004ad5   Thumb Code    94  stm32h7xx_hal_uart_ex.o(i.HAL_UARTEx_SetTxFifoThreshold)
    HAL_UART_Init                            0x08004b33   Thumb Code   120  stm32h7xx_hal_uart.o(i.HAL_UART_Init)
    HAL_UART_MspInit                         0x08004bad   Thumb Code   144  usart.o(i.HAL_UART_MspInit)
    HAL_UART_Receive                         0x08004c49   Thumb Code   274  stm32h7xx_hal_uart.o(i.HAL_UART_Receive)
    HAL_UART_Transmit                        0x08004d5b   Thumb Code   194  stm32h7xx_hal_uart.o(i.HAL_UART_Transmit)
    HardFault_Handler                        0x08004e1d   Thumb Code     4  stm32h7xx_it.o(i.HardFault_Handler)
    MDMA_IRQHandler                          0x08004e21   Thumb Code    10  stm32h7xx_it.o(i.MDMA_IRQHandler)
    MX_GPIO_Init                             0x08004f79   Thumb Code   226  gpio.o(i.MX_GPIO_Init)
    MX_MDMA_Init                             0x08005069   Thumb Code   132  mdma.o(i.MX_MDMA_Init)
    MX_QUADSPI_Init                          0x080050f9   Thumb Code    52  quadspi.o(i.MX_QUADSPI_Init)
    MX_USART1_UART_Init                      0x08005135   Thumb Code    98  usart.o(i.MX_USART1_UART_Init)
    MemManage_Handler                        0x080051a1   Thumb Code     4  stm32h7xx_it.o(i.MemManage_Handler)
    NMI_Handler                              0x080051a5   Thumb Code     4  stm32h7xx_it.o(i.NMI_Handler)
    OTG_FS_IRQHandler                        0x080051a9   Thumb Code    16  stm32h7xx_it.o(i.OTG_FS_IRQHandler)
    PendSV_Handler                           0x0800541b   Thumb Code     2  stm32h7xx_it.o(i.PendSV_Handler)
    QUADSPI_IRQHandler                       0x08005701   Thumb Code    10  stm32h7xx_it.o(i.QUADSPI_IRQHandler)
    SPI_FLASH_BufferRead                     0x08006ee9   Thumb Code    20  bsp_flash_qspi.o(i.SPI_FLASH_BufferRead)
    SPI_FLASH_BufferWrite                    0x08006efd   Thumb Code   296  bsp_flash_qspi.o(i.SPI_FLASH_BufferWrite)
    SPI_FLASH_PageWrite                      0x08007025   Thumb Code    20  bsp_flash_qspi.o(i.SPI_FLASH_PageWrite)
    SVC_Handler                              0x08007039   Thumb Code     2  stm32h7xx_it.o(i.SVC_Handler)
    SysTick_Handler                          0x0800703b   Thumb Code     8  stm32h7xx_it.o(i.SysTick_Handler)
    SystemClock_Config                       0x08007045   Thumb Code   198  main.o(i.SystemClock_Config)
    SystemInit                               0x08007115   Thumb Code   256  system_stm32h7xx.o(i.SystemInit)
    UART_AdvFeatureConfig                    0x08007295   Thumb Code   248  stm32h7xx_hal_uart.o(i.UART_AdvFeatureConfig)
    UART_CheckIdleState                      0x0800738d   Thumb Code   234  stm32h7xx_hal_uart.o(i.UART_CheckIdleState)
    UART_SetConfig                           0x080074e5   Thumb Code  1402  stm32h7xx_hal_uart.o(i.UART_SetConfig)
    UART_WaitOnFlagUntilTimeout              0x08007a71   Thumb Code   172  stm32h7xx_hal_uart.o(i.UART_WaitOnFlagUntilTimeout)
    USBD_IRQHandler                          0x08007b1d   Thumb Code  1736  usb_dc_dwc2.o(i.USBD_IRQHandler)
    USB_ActivateSetup                        0x080081f1   Thumb Code    40  stm32h7xx_ll_usb.o(i.USB_ActivateSetup)
    USB_EP0_OutStart                         0x08008219   Thumb Code   106  stm32h7xx_ll_usb.o(i.USB_EP0_OutStart)
    USB_EPStopXfer                           0x08008289   Thumb Code   236  stm32h7xx_ll_usb.o(i.USB_EPStopXfer)
    USB_FlushTxFifo                          0x08008375   Thumb Code    84  stm32h7xx_ll_usb.o(i.USB_FlushTxFifo)
    USB_GetDevSpeed                          0x080083c9   Thumb Code    38  stm32h7xx_ll_usb.o(i.USB_GetDevSpeed)
    USB_GetMode                              0x080083ef   Thumb Code    10  stm32h7xx_ll_usb.o(i.USB_GetMode)
    USB_ReadDevAllInEpInterrupt              0x080083f9   Thumb Code    20  stm32h7xx_ll_usb.o(i.USB_ReadDevAllInEpInterrupt)
    USB_ReadDevAllOutEpInterrupt             0x0800840d   Thumb Code    20  stm32h7xx_ll_usb.o(i.USB_ReadDevAllOutEpInterrupt)
    USB_ReadDevInEPInterrupt                 0x08008421   Thumb Code    50  stm32h7xx_ll_usb.o(i.USB_ReadDevInEPInterrupt)
    USB_ReadDevOutEPInterrupt                0x08008453   Thumb Code    26  stm32h7xx_ll_usb.o(i.USB_ReadDevOutEPInterrupt)
    USB_ReadInterrupts                       0x0800846d   Thumb Code    10  stm32h7xx_ll_usb.o(i.USB_ReadInterrupts)
    USB_ReadPacket                           0x08008477   Thumb Code    96  stm32h7xx_ll_usb.o(i.USB_ReadPacket)
    USB_SetTurnaroundTime                    0x080084d9   Thumb Code   192  stm32h7xx_ll_usb.o(i.USB_SetTurnaroundTime)
    USB_WritePacket                          0x080085c1   Thumb Code    68  stm32h7xx_ll_usb.o(i.USB_WritePacket)
    UsageFault_Handler                       0x08008605   Thumb Code     4  stm32h7xx_it.o(i.UsageFault_Handler)
    __0printf$8                              0x08008609   Thumb Code    22  printf8.o(i.__0printf$8)
    __1printf$8                              0x08008609   Thumb Code     0  printf8.o(i.__0printf$8)
    __2printf                                0x08008609   Thumb Code     0  printf8.o(i.__0printf$8)
    __0sprintf$8                             0x08008629   Thumb Code    34  printf8.o(i.__0sprintf$8)
    __1sprintf$8                             0x08008629   Thumb Code     0  printf8.o(i.__0sprintf$8)
    __2sprintf                               0x08008629   Thumb Code     0  printf8.o(i.__0sprintf$8)
    __scatterload_copy                       0x08008689   Thumb Code    14  handlers.o(i.__scatterload_copy)
    __scatterload_null                       0x08008697   Thumb Code     2  handlers.o(i.__scatterload_null)
    __scatterload_zeroinit                   0x08008699   Thumb Code    14  handlers.o(i.__scatterload_zeroinit)
    boot_main                                0x080090e5   Thumb Code    88  boot.o(i.boot_main)
    bsp_CmpCpuFlash                          0x0800918d   Thumb Code    68  bsp_cpu_flash.o(i.bsp_CmpCpuFlash)
    bsp_EraseCpuFlash                        0x080091d1   Thumb Code    76  bsp_cpu_flash.o(i.bsp_EraseCpuFlash)
    bsp_GetSector                            0x0800921d   Thumb Code   232  bsp_cpu_flash.o(i.bsp_GetSector)
    bsp_WriteCpuFlash                        0x08009341   Thumb Code   192  bsp_cpu_flash.o(i.bsp_WriteCpuFlash)
    bsp_w25qxx_EraseSector                   0x08009525   Thumb Code   132  bsp_flash_qspi.o(i.bsp_w25qxx_EraseSector)
    bsp_w25qxx_Init                          0x080096d5   Thumb Code    74  bsp_flash_qspi.o(i.bsp_w25qxx_Init)
    bsp_w25qxx_Read                          0x08009721   Thumb Code   118  bsp_flash_qspi.o(i.bsp_w25qxx_Read)
    bsp_w25qxx_Write                         0x08009889   Thumb Code   156  bsp_flash_qspi.o(i.bsp_w25qxx_Write)
    chry_ringbuffer_check_empty              0x08009aed   Thumb Code    18  chry_ringbuffer.o(i.chry_ringbuffer_check_empty)
    chry_ringbuffer_check_full               0x08009aff   Thumb Code    24  chry_ringbuffer.o(i.chry_ringbuffer_check_full)
    chry_ringbuffer_get_used                 0x08009b17   Thumb Code    10  chry_ringbuffer.o(i.chry_ringbuffer_get_used)
    chry_ringbuffer_init                     0x08009b21   Thumb Code    50  chry_ringbuffer.o(i.chry_ringbuffer_init)
    chry_ringbuffer_peek_byte                0x08009b53   Thumb Code    34  chry_ringbuffer.o(i.chry_ringbuffer_peek_byte)
    chry_ringbuffer_read_byte                0x08009b75   Thumb Code    26  chry_ringbuffer.o(i.chry_ringbuffer_read_byte)
    chry_ringbuffer_write_byte               0x08009b8f   Thumb Code    38  chry_ringbuffer.o(i.chry_ringbuffer_write_byte)
    cpu_mpu_config                           0x08009bcf   Thumb Code   114  main.o(i.cpu_mpu_config)
    disk_initialize                          0x0800a1dd   Thumb Code    36  diskio.o(i.disk_initialize)
    disk_ioctl                               0x0800a201   Thumb Code    76  diskio.o(i.disk_ioctl)
    disk_read                                0x0800a24d   Thumb Code    64  diskio.o(i.disk_read)
    disk_status                              0x0800a28d   Thumb Code    34  diskio.o(i.disk_status)
    disk_write                               0x0800a2af   Thumb Code    80  diskio.o(i.disk_write)
    dwc2_ep_read                             0x0800a3d9   Thumb Code    38  usb_dc_dwc2.o(i.dwc2_ep_read)
    dwc2_ep_write                            0x0800a405   Thumb Code    46  usb_dc_dwc2.o(i.dwc2_ep_write)
    f_close                                  0x0800aaf9   Thumb Code    34  ff.o(i.f_close)
    f_mount                                  0x0800ab1d   Thumb Code    90  ff.o(i.f_mount)
    f_open                                   0x0800ab7d   Thumb Code   492  ff.o(i.f_open)
    f_opendir                                0x0800ad6d   Thumb Code   108  ff.o(i.f_opendir)
    f_read                                   0x0800add9   Thumb Code   412  ff.o(i.f_read)
    f_readdir                                0x0800af75   Thumb Code    78  ff.o(i.f_readdir)
    f_stat                                   0x0800afc3   Thumb Code    62  ff.o(i.f_stat)
    f_sync                                   0x0800b001   Thumb Code   156  ff.o(i.f_sync)
    fgetc                                    0x0800b0a1   Thumb Code    30  main.o(i.fgetc)
    fputc                                    0x0800b1dd   Thumb Code    20  main.o(i.fputc)
    getc                                     0x0800b3b9   Thumb Code     4  getc.o(i.getc)
    main                                     0x0800b46d   Thumb Code   358  main.o(i.main)
    mass_storage_bulk_in                     0x0800b5e5   Thumb Code   168  usbd_msc.o(i.mass_storage_bulk_in)
    mass_storage_bulk_out                    0x0800b695   Thumb Code   174  usbd_msc.o(i.mass_storage_bulk_out)
    msc_ram_init                             0x0800ba49   Thumb Code    48  bsp_usb_msc.o(i.msc_ram_init)
    msc_ram_polling                          0x0800ba85   Thumb Code    12  bsp_usb_msc.o(i.msc_ram_polling)
    msc_storage_notify_handler               0x0800bb25   Thumb Code   124  usbd_msc.o(i.msc_storage_notify_handler)
    usb_dc_init                              0x0800bea1   Thumb Code  1460  usb_dc_dwc2.o(i.usb_dc_init)
    usb_dc_low_level_init                    0x0800c455   Thumb Code   190  bsp_usb_msc.o(i.usb_dc_low_level_init)
    usbd_add_endpoint                        0x0800c609   Thumb Code   134  usbd_core.o(i.usbd_add_endpoint)
    usbd_add_interface                       0x0800c695   Thumb Code    80  usbd_core.o(i.usbd_add_interface)
    usbd_desc_register                       0x0800c815   Thumb Code   110  usbd_core.o(i.usbd_desc_register)
    usbd_dwc2_delay_ms                       0x0800c891   Thumb Code    12  usb_glue_st.o(i.usbd_dwc2_delay_ms)
    usbd_ep_clear_stall                      0x0800c89d   Thumb Code   268  usb_dc_dwc2.o(i.usbd_ep_clear_stall)
    usbd_ep_close                            0x0800c9b1   Thumb Code   576  usb_dc_dwc2.o(i.usbd_ep_close)
    usbd_ep_is_stalled                       0x0800cbf9   Thumb Code    90  usb_dc_dwc2.o(i.usbd_ep_is_stalled)
    usbd_ep_open                             0x0800cc59   Thumb Code   484  usb_dc_dwc2.o(i.usbd_ep_open)
    usbd_ep_set_stall                        0x0800ce89   Thumb Code   236  usb_dc_dwc2.o(i.usbd_ep_set_stall)
    usbd_ep_start_read                       0x0800cf79   Thumb Code   872  usb_dc_dwc2.o(i.usbd_ep_start_read)
    usbd_ep_start_write                      0x0800d2ed   Thumb Code   936  usb_dc_dwc2.o(i.usbd_ep_start_write)
    usbd_event_ep0_setup_complete_handler    0x0800d831   Thumb Code    34  usbd_core.o(i.usbd_event_ep0_setup_complete_handler)
    usbd_event_ep_in_complete_handler        0x0800d859   Thumb Code    76  usbd_core.o(i.usbd_event_ep_in_complete_handler)
    usbd_event_ep_out_complete_handler       0x0800d8a9   Thumb Code    76  usbd_core.o(i.usbd_event_ep_out_complete_handler)
    usbd_event_reset_handler                 0x0800d925   Thumb Code   130  usbd_core.o(i.usbd_event_reset_handler)
    usbd_event_resume_handler                0x0800d9ad   Thumb Code    42  usbd_core.o(i.usbd_event_resume_handler)
    usbd_event_suspend_handler               0x0800d9dd   Thumb Code    60  usbd_core.o(i.usbd_event_suspend_handler)
    usbd_get_dwc2_gccfg_conf                 0x0800dba5   Thumb Code     8  usb_glue_st.o(i.usbd_get_dwc2_gccfg_conf)
    usbd_initialize                          0x0800dbad   Thumb Code   100  usbd_core.o(i.usbd_initialize)
    usbd_msc_get_cap                         0x0800dca5   Thumb Code    14  bsp_usb_msc.o(i.usbd_msc_get_cap)
    usbd_msc_init_intf                       0x0800dcb5   Thumb Code   256  usbd_msc.o(i.usbd_msc_init_intf)
    usbd_msc_polling                         0x0800dddd   Thumb Code   104  usbd_msc.o(i.usbd_msc_polling)
    usbd_msc_sector_read                     0x0800de71   Thumb Code    38  bsp_usb_msc.o(i.usbd_msc_sector_read)
    usbd_msc_sector_write                    0x0800de97   Thumb Code    54  bsp_usb_msc.o(i.usbd_msc_sector_write)
    usbd_set_address                         0x0800e01d   Thumb Code    68  usb_dc_dwc2.o(i.usbd_set_address)
    UARTPrescTable                           0x0800ec58   Data          24  stm32h7xx_hal_uart.o(.constdata)
    D1CorePrescTable                         0x0800ec80   Data          16  system_stm32h7xx.o(.constdata)
    msc_ram_descriptor                       0x0800ec90   Data         135  bsp_usb_msc.o(.constdata)
    Region$$Table$$Base                      0x0800f14c   Number         0  anon$$obj.o(Region$$Table)
    Region$$Table$$Limit                     0x0800f17c   Number         0  anon$$obj.o(Region$$Table)
    uwTick                                   0x24000000   Data           4  stm32h7xx_hal.o(.data)
    uwTickPrio                               0x24000004   Data           4  stm32h7xx_hal.o(.data)
    uwTickFreq                               0x24000008   Data           1  stm32h7xx_hal.o(.data)
    SystemCoreClock                          0x2400000c   Data           4  system_stm32h7xx.o(.data)
    SystemD2Clock                            0x24000010   Data           4  system_stm32h7xx.o(.data)
    ChipID                                   0x24000018   Data           4  bsp_flash_qspi.o(.data)
    ChipUID                                  0x24000020   Data           8  bsp_flash_qspi.o(.data)
    StatusReg                                0x24000028   Data           3  bsp_flash_qspi.o(.data)
    g_usbdev_bus                             0x24000030   Data           8  usbd_core.o(.data)
    DiskPath                                 0x2400003c   Data           4  boot.o(.data)
    uwCRCValue                               0x24000040   Data           4  boot.o(.data)
    uwExpectedCRCValue                       0x24000044   Data           4  boot.o(.data)
    uwAppSize                                0x24000048   Data           4  boot.o(.data)
    __stdin                                  0x2400009c   Data           4  stdin.o(.data)
    __stdout                                 0x240000a0   Data           4  stdout.o(.data)
    hmdma_mdma_channel1_quadspi_tc_0         0x240000a4   Data         108  mdma.o(.bss)
    hqspi                                    0x24000110   Data          76  quadspi.o(.bss)
    huart1                                   0x2400015c   Data         148  usart.o(.bss)
    hpcd_USB_OTG_FS                          0x240001f0   Data        1252  usb_otg.o(.bss)
    pFlash                                   0x240006d4   Data          28  stm32h7xx_hal_flash.o(.bss)
    fs                                       0x24000728   Data        4144  boot.o(.bss)
    fno                                      0x24001758   Data          24  boot.o(.bss)
    file                                     0x24001770   Data        4136  boot.o(.bss)
    tempbuf                                  0x24002798   Data        4096  boot.o(.bss)
    __initial_sp                             0x24004798   Data           0  startup_stm32h750xx.o(STACK)
    g_usbd_msc                               0x2407c000   Data        4192  usbd_msc.o(.noncacheable)
    g_usbd_core                              0x2407d060   Data         796  usbd_core.o(.noncacheable)
    g_dwc2_udc                               0x2407d380   Data         224  usb_dc_dwc2.o(.noncacheable)



==============================================================================

Memory Map of the image

  Image Entry point : 0x08000299

  Load Region LR_IROM1 (Base: 0x08000000, Size: 0x00010680, Max: 0x00020000, ABSOLUTE, COMPRESSED[0x0000f24c])

    Execution Region ER_IROM1 (Exec base: 0x08000000, Load base: 0x08000000, Size: 0x0000f17c, Max: 0x00020000, ABSOLUTE)

    Exec Addr    Load Addr    Size         Type   Attr      Idx    E Section Name        Object

    0x08000000   0x08000000   0x00000298   Data   RO            3    RESET               startup_stm32h750xx.o
    0x08000298   0x08000298   0x00000000   Code   RO         6391  * .ARM.Collect$$$$00000000  mc_w.l(entry.o)
    0x08000298   0x08000298   0x00000004   Code   RO         6670    .ARM.Collect$$$$00000001  mc_w.l(entry2.o)
    0x0800029c   0x0800029c   0x00000004   Code   RO         6673    .ARM.Collect$$$$00000004  mc_w.l(entry5.o)
    0x080002a0   0x080002a0   0x00000000   Code   RO         6675    .ARM.Collect$$$$00000008  mc_w.l(entry7b.o)
    0x080002a0   0x080002a0   0x00000000   Code   RO         6677    .ARM.Collect$$$$0000000A  mc_w.l(entry8b.o)
    0x080002a0   0x080002a0   0x00000008   Code   RO         6678    .ARM.Collect$$$$0000000B  mc_w.l(entry9a.o)
    0x080002a8   0x080002a8   0x00000000   Code   RO         6680    .ARM.Collect$$$$0000000D  mc_w.l(entry10a.o)
    0x080002a8   0x080002a8   0x00000000   Code   RO         6682    .ARM.Collect$$$$0000000F  mc_w.l(entry11a.o)
    0x080002a8   0x080002a8   0x00000004   Code   RO         6671    .ARM.Collect$$$$00002712  mc_w.l(entry2.o)
    0x080002ac   0x080002ac   0x0000002c   Code   RO            4    .text               startup_stm32h750xx.o
    0x080002d8   0x080002d8   0x00000062   Code   RO         6397    .text               mc_w.l(uldiv.o)
    0x0800033a   0x0800033a   0x00000024   Code   RO         6399    .text               mc_w.l(memcpya.o)
    0x0800035e   0x0800035e   0x00000024   Code   RO         6401    .text               mc_w.l(memseta.o)
    0x08000382   0x08000382   0x00000014   Code   RO         6403    .text               mc_w.l(strchr.o)
    0x08000396   0x08000396   0x0000001a   Code   RO         6405    .text               mc_w.l(memcmp.o)
    0x080003b0   0x080003b0   0x0000001e   Code   RO         6687    .text               mc_w.l(llshl.o)
    0x080003ce   0x080003ce   0x00000020   Code   RO         6689    .text               mc_w.l(llushr.o)
    0x080003ee   0x080003ee   0x00000002   PAD
    0x080003f0   0x080003f0   0x00000024   Code   RO         6702    .text               mc_w.l(init.o)
    0x08000414   0x08000414   0x00000056   Code   RO         6716    .text               mc_w.l(__dczerorl2.o)
    0x0800046a   0x0800046a   0x00000056   Code   RO           13    i.BSP_MPU_ConfigRegion  main.o
    0x080004c0   0x080004c0   0x00000004   Code   RO          633    i.BusFault_Handler  stm32h7xx_it.o
    0x080004c4   0x080004c4   0x00000002   Code   RO          634    i.DebugMon_Handler  stm32h7xx_it.o
    0x080004c6   0x080004c6   0x0000002a   Code   RO         4867    i.EndianSwap        bsp_flash_qspi.o
    0x080004f0   0x080004f0   0x00000006   Code   RO           14    i.Error_Handler     main.o
    0x080004f6   0x080004f6   0x00000002   PAD
    0x080004f8   0x080004f8   0x00000024   Code   RO         4824    i.ExitRun0Mode      system_stm32h7xx.o
    0x0800051c   0x0800051c   0x00000060   Code   RO         1447    i.FLASH_Erase_Sector  stm32h7xx_hal_flash_ex.o
    0x0800057c   0x0800057c   0x000000a0   Code   RO         1448    i.FLASH_MassErase   stm32h7xx_hal_flash_ex.o
    0x0800061c   0x0800061c   0x00000104   Code   RO         1339    i.FLASH_WaitForLastOperation  stm32h7xx_hal_flash.o
    0x08000720   0x08000720   0x00000028   Code   RO         2477    i.HAL_Delay         stm32h7xx_hal.o
    0x08000748   0x08000748   0x0000013c   Code   RO         1465    i.HAL_FLASHEx_Erase  stm32h7xx_hal_flash_ex.o
    0x08000884   0x08000884   0x00000044   Code   RO         1343    i.HAL_FLASH_Lock    stm32h7xx_hal_flash.o
    0x080008c8   0x080008c8   0x0000012c   Code   RO         1348    i.HAL_FLASH_Program  stm32h7xx_hal_flash.o
    0x080009f4   0x080009f4   0x00000060   Code   RO         1350    i.HAL_FLASH_Unlock  stm32h7xx_hal_flash.o
    0x08000a54   0x08000a54   0x000001fc   Code   RO         1616    i.HAL_GPIO_Init     stm32h7xx_hal_gpio.o
    0x08000c50   0x08000c50   0x00000010   Code   RO         1618    i.HAL_GPIO_ReadPin  stm32h7xx_hal_gpio.o
    0x08000c60   0x08000c60   0x0000000c   Code   RO         1620    i.HAL_GPIO_WritePin  stm32h7xx_hal_gpio.o
    0x08000c6c   0x08000c6c   0x0000000c   Code   RO         2488    i.HAL_GetREVID      stm32h7xx_hal.o
    0x08000c78   0x08000c78   0x0000000c   Code   RO         2489    i.HAL_GetTick       stm32h7xx_hal.o
    0x08000c84   0x08000c84   0x00000018   Code   RO         2495    i.HAL_IncTick       stm32h7xx_hal.o
    0x08000c9c   0x08000c9c   0x00000060   Code   RO         2496    i.HAL_Init          stm32h7xx_hal.o
    0x08000cfc   0x08000cfc   0x00000058   Code   RO         2497    i.HAL_InitTick      stm32h7xx_hal.o
    0x08000d54   0x08000d54   0x0000002e   Code   RO         1951    i.HAL_MDMA_Abort_IT  stm32h7xx_hal_mdma.o
    0x08000d82   0x08000d82   0x0000006e   Code   RO         1952    i.HAL_MDMA_ConfigPostRequestMask  stm32h7xx_hal_mdma.o
    0x08000df0   0x08000df0   0x000001e0   Code   RO         1957    i.HAL_MDMA_IRQHandler  stm32h7xx_hal_mdma.o
    0x08000fd0   0x08000fd0   0x0000006c   Code   RO         1958    i.HAL_MDMA_Init     stm32h7xx_hal_mdma.o
    0x0800103c   0x0800103c   0x000000cc   Code   RO         1967    i.HAL_MDMA_Start_IT  stm32h7xx_hal_mdma.o
    0x08001108   0x08001108   0x0000005c   Code   RO          894    i.HAL_MPU_ConfigRegion  stm32h7xx_hal_cortex.o
    0x08001164   0x08001164   0x0000002c   Code   RO          895    i.HAL_MPU_Disable   stm32h7xx_hal_cortex.o
    0x08001190   0x08001190   0x00000040   Code   RO          897    i.HAL_MPU_Enable    stm32h7xx_hal_cortex.o
    0x080011d0   0x080011d0   0x00000024   Code   RO          727    i.HAL_MspInit       stm32h7xx_hal_msp.o
    0x080011f4   0x080011f4   0x00000028   Code   RO          901    i.HAL_NVIC_EnableIRQ  stm32h7xx_hal_cortex.o
    0x0800121c   0x0800121c   0x0000007a   Code   RO          907    i.HAL_NVIC_SetPriority  stm32h7xx_hal_cortex.o
    0x08001296   0x08001296   0x00000002   PAD
    0x08001298   0x08001298   0x00000028   Code   RO          908    i.HAL_NVIC_SetPriorityGrouping  stm32h7xx_hal_cortex.o
    0x080012c0   0x080012c0   0x00000002   Code   RO         4447    i.HAL_PCDEx_LPM_Callback  stm32h7xx_hal_pcd_ex.o
    0x080012c2   0x080012c2   0x00000002   Code   RO         4205    i.HAL_PCD_ConnectCallback  stm32h7xx_hal_pcd.o
    0x080012c4   0x080012c4   0x00000002   Code   RO         4206    i.HAL_PCD_DataInStageCallback  stm32h7xx_hal_pcd.o
    0x080012c6   0x080012c6   0x00000002   Code   RO         4207    i.HAL_PCD_DataOutStageCallback  stm32h7xx_hal_pcd.o
    0x080012c8   0x080012c8   0x00000002   Code   RO         4212    i.HAL_PCD_DisconnectCallback  stm32h7xx_hal_pcd.o
    0x080012ca   0x080012ca   0x00000042   Code   RO         4213    i.HAL_PCD_EP_Abort  stm32h7xx_hal_pcd.o
    0x0800130c   0x0800130c   0x0000070e   Code   RO         4223    i.HAL_PCD_IRQHandler  stm32h7xx_hal_pcd.o
    0x08001a1a   0x08001a1a   0x00000002   Code   RO         4224    i.HAL_PCD_ISOINIncompleteCallback  stm32h7xx_hal_pcd.o
    0x08001a1c   0x08001a1c   0x00000002   Code   RO         4225    i.HAL_PCD_ISOOUTIncompleteCallback  stm32h7xx_hal_pcd.o
    0x08001a1e   0x08001a1e   0x00000002   Code   RO         4229    i.HAL_PCD_ResetCallback  stm32h7xx_hal_pcd.o
    0x08001a20   0x08001a20   0x00000002   Code   RO         4230    i.HAL_PCD_ResumeCallback  stm32h7xx_hal_pcd.o
    0x08001a22   0x08001a22   0x00000002   Code   RO         4231    i.HAL_PCD_SOFCallback  stm32h7xx_hal_pcd.o
    0x08001a24   0x08001a24   0x00000002   Code   RO         4234    i.HAL_PCD_SetupStageCallback  stm32h7xx_hal_pcd.o
    0x08001a26   0x08001a26   0x00000002   Code   RO         4237    i.HAL_PCD_SuspendCallback  stm32h7xx_hal_pcd.o
    0x08001a28   0x08001a28   0x00000060   Code   RO         2217    i.HAL_PWREx_ConfigSupply  stm32h7xx_hal_pwr_ex.o
    0x08001a88   0x08001a88   0x00000014   Code   RO         2234    i.HAL_PWREx_EnableUSBVoltageDetector  stm32h7xx_hal_pwr_ex.o
    0x08001a9c   0x08001a9c   0x00000002   Code   RO         3381    i.HAL_QSPI_AbortCpltCallback  stm32h7xx_hal_qspi.o
    0x08001a9e   0x08001a9e   0x00000002   PAD
    0x08001aa0   0x08001aa0   0x00000098   Code   RO         3382    i.HAL_QSPI_Abort_IT  stm32h7xx_hal_qspi.o
    0x08001b38   0x08001b38   0x000000ca   Code   RO         3383    i.HAL_QSPI_AutoPolling  stm32h7xx_hal_qspi.o
    0x08001c02   0x08001c02   0x000000ce   Code   RO         3384    i.HAL_QSPI_AutoPolling_IT  stm32h7xx_hal_qspi.o
    0x08001cd0   0x08001cd0   0x00000010   Code   RO         4868    i.HAL_QSPI_CmdCpltCallback  bsp_flash_qspi.o
    0x08001ce0   0x08001ce0   0x000000a4   Code   RO         3386    i.HAL_QSPI_Command  stm32h7xx_hal_qspi.o
    0x08001d84   0x08001d84   0x000000b4   Code   RO         3387    i.HAL_QSPI_Command_IT  stm32h7xx_hal_qspi.o
    0x08001e38   0x08001e38   0x00000002   Code   RO         3389    i.HAL_QSPI_ErrorCallback  stm32h7xx_hal_qspi.o
    0x08001e3a   0x08001e3a   0x00000002   Code   RO         3390    i.HAL_QSPI_FifoThresholdCallback  stm32h7xx_hal_qspi.o
    0x08001e3c   0x08001e3c   0x00000284   Code   RO         3394    i.HAL_QSPI_IRQHandler  stm32h7xx_hal_qspi.o
    0x080020c0   0x080020c0   0x000000b0   Code   RO         3395    i.HAL_QSPI_Init     stm32h7xx_hal_qspi.o
    0x08002170   0x08002170   0x00000154   Code   RO          504    i.HAL_QSPI_MspInit  quadspi.o
    0x080022c4   0x080022c4   0x000000e4   Code   RO         3399    i.HAL_QSPI_Receive  stm32h7xx_hal_qspi.o
    0x080023a8   0x080023a8   0x00000184   Code   RO         3400    i.HAL_QSPI_Receive_DMA  stm32h7xx_hal_qspi.o
    0x0800252c   0x0800252c   0x00000010   Code   RO         4869    i.HAL_QSPI_RxCpltCallback  bsp_flash_qspi.o
    0x0800253c   0x0800253c   0x00000004   Code   RO         3405    i.HAL_QSPI_SetTimeout  stm32h7xx_hal_qspi.o
    0x08002540   0x08002540   0x00000010   Code   RO         4870    i.HAL_QSPI_StatusMatchCallback  bsp_flash_qspi.o
    0x08002550   0x08002550   0x00000002   Code   RO         3407    i.HAL_QSPI_TimeOutCallback  stm32h7xx_hal_qspi.o
    0x08002552   0x08002552   0x000000d4   Code   RO         3408    i.HAL_QSPI_Transmit  stm32h7xx_hal_qspi.o
    0x08002626   0x08002626   0x00000002   PAD
    0x08002628   0x08002628   0x0000016c   Code   RO         3409    i.HAL_QSPI_Transmit_DMA  stm32h7xx_hal_qspi.o
    0x08002794   0x08002794   0x00000010   Code   RO         4871    i.HAL_QSPI_TxCpltCallback  bsp_flash_qspi.o
    0x080027a4   0x080027a4   0x00000024   Code   RO         1167    i.HAL_RCCEx_GetD3PCLK1Freq  stm32h7xx_hal_rcc_ex.o
    0x080027c8   0x080027c8   0x00000230   Code   RO         1169    i.HAL_RCCEx_GetPLL2ClockFreq  stm32h7xx_hal_rcc_ex.o
    0x080029f8   0x080029f8   0x00000230   Code   RO         1170    i.HAL_RCCEx_GetPLL3ClockFreq  stm32h7xx_hal_rcc_ex.o
    0x08002c28   0x08002c28   0x00000d68   Code   RO         1176    i.HAL_RCCEx_PeriphCLKConfig  stm32h7xx_hal_rcc_ex.o
    0x08003990   0x08003990   0x00000320   Code   RO         1052    i.HAL_RCC_ClockConfig  stm32h7xx_hal_rcc.o
    0x08003cb0   0x08003cb0   0x0000022c   Code   RO         1053    i.HAL_RCC_DeInit    stm32h7xx_hal_rcc.o
    0x08003edc   0x08003edc   0x0000004c   Code   RO         1057    i.HAL_RCC_GetHCLKFreq  stm32h7xx_hal_rcc.o
    0x08003f28   0x08003f28   0x00000024   Code   RO         1059    i.HAL_RCC_GetPCLK1Freq  stm32h7xx_hal_rcc.o
    0x08003f4c   0x08003f4c   0x00000024   Code   RO         1060    i.HAL_RCC_GetPCLK2Freq  stm32h7xx_hal_rcc.o
    0x08003f70   0x08003f70   0x0000022c   Code   RO         1061    i.HAL_RCC_GetSysClockFreq  stm32h7xx_hal_rcc.o
    0x0800419c   0x0800419c   0x00000858   Code   RO         1064    i.HAL_RCC_OscConfig  stm32h7xx_hal_rcc.o
    0x080049f4   0x080049f4   0x00000034   Code   RO          912    i.HAL_SYSTICK_Config  stm32h7xx_hal_cortex.o
    0x08004a28   0x08004a28   0x0000004e   Code   RO         4081    i.HAL_UARTEx_DisableFifoMode  stm32h7xx_hal_uart_ex.o
    0x08004a76   0x08004a76   0x0000005e   Code   RO         4090    i.HAL_UARTEx_SetRxFifoThreshold  stm32h7xx_hal_uart_ex.o
    0x08004ad4   0x08004ad4   0x0000005e   Code   RO         4091    i.HAL_UARTEx_SetTxFifoThreshold  stm32h7xx_hal_uart_ex.o
    0x08004b32   0x08004b32   0x00000078   Code   RO         3685    i.HAL_UART_Init     stm32h7xx_hal_uart.o
    0x08004baa   0x08004baa   0x00000002   PAD
    0x08004bac   0x08004bac   0x0000009c   Code   RO          550    i.HAL_UART_MspInit  usart.o
    0x08004c48   0x08004c48   0x00000112   Code   RO         3688    i.HAL_UART_Receive  stm32h7xx_hal_uart.o
    0x08004d5a   0x08004d5a   0x000000c2   Code   RO         3694    i.HAL_UART_Transmit  stm32h7xx_hal_uart.o
    0x08004e1c   0x08004e1c   0x00000004   Code   RO          635    i.HardFault_Handler  stm32h7xx_it.o
    0x08004e20   0x08004e20   0x00000010   Code   RO          636    i.MDMA_IRQHandler   stm32h7xx_it.o
    0x08004e30   0x08004e30   0x000000c4   Code   RO         1969    i.MDMA_Init         stm32h7xx_hal_mdma.o
    0x08004ef4   0x08004ef4   0x00000082   Code   RO         1970    i.MDMA_SetConfig    stm32h7xx_hal_mdma.o
    0x08004f76   0x08004f76   0x00000002   PAD
    0x08004f78   0x08004f78   0x000000f0   Code   RO          302    i.MX_GPIO_Init      gpio.o
    0x08005068   0x08005068   0x00000090   Code   RO          330    i.MX_MDMA_Init      mdma.o
    0x080050f8   0x080050f8   0x0000003c   Code   RO          505    i.MX_QUADSPI_Init   quadspi.o
    0x08005134   0x08005134   0x0000006c   Code   RO          551    i.MX_USART1_UART_Init  usart.o
    0x080051a0   0x080051a0   0x00000004   Code   RO          637    i.MemManage_Handler  stm32h7xx_it.o
    0x080051a4   0x080051a4   0x00000004   Code   RO          638    i.NMI_Handler       stm32h7xx_it.o
    0x080051a8   0x080051a8   0x00000014   Code   RO          639    i.OTG_FS_IRQHandler  stm32h7xx_it.o
    0x080051bc   0x080051bc   0x00000064   Code   RO         4238    i.PCD_EP_OutSetupPacket_int  stm32h7xx_hal_pcd.o
    0x08005220   0x08005220   0x00000144   Code   RO         4239    i.PCD_EP_OutXfrComplete_int  stm32h7xx_hal_pcd.o
    0x08005364   0x08005364   0x000000b6   Code   RO         4240    i.PCD_WriteEmptyTxFifo  stm32h7xx_hal_pcd.o
    0x0800541a   0x0800541a   0x00000002   Code   RO          640    i.PendSV_Handler    stm32h7xx_it.o
    0x0800541c   0x0800541c   0x00000202   Code   RO         3412    i.QSPI_Config       stm32h7xx_hal_qspi.o
    0x0800561e   0x0800561e   0x00000042   Code   RO         3413    i.QSPI_DMAAbortCplt  stm32h7xx_hal_qspi.o
    0x08005660   0x08005660   0x00000028   Code   RO         3414    i.QSPI_DMAError     stm32h7xx_hal_qspi.o
    0x08005688   0x08005688   0x00000016   Code   RO         3415    i.QSPI_DMARxCplt    stm32h7xx_hal_qspi.o
    0x0800569e   0x0800569e   0x00000016   Code   RO         3416    i.QSPI_DMATxCplt    stm32h7xx_hal_qspi.o
    0x080056b4   0x080056b4   0x0000004c   Code   RO         3417    i.QSPI_WaitFlagStateUntilTimeout  stm32h7xx_hal_qspi.o
    0x08005700   0x08005700   0x00000010   Code   RO          641    i.QUADSPI_IRQHandler  stm32h7xx_it.o
    0x08005710   0x08005710   0x00000164   Code   RO         1179    i.RCCEx_PLL2_Config  stm32h7xx_hal_rcc_ex.o
    0x08005874   0x08005874   0x00000164   Code   RO         1180    i.RCCEx_PLL3_Config  stm32h7xx_hal_rcc_ex.o
    0x080059d8   0x080059d8   0x00000290   Code   RO         5242    i.SCSI_CBWDecode    usbd_msc.o
    0x08005c68   0x08005c68   0x00000040   Code   RO         5243    i.SCSI_SetSenseData  usbd_msc.o
    0x08005ca8   0x08005ca8   0x0000012c   Code   RO         5244    i.SCSI_inquiry      usbd_msc.o
    0x08005dd4   0x08005dd4   0x0000008c   Code   RO         5245    i.SCSI_modeSense10  usbd_msc.o
    0x08005e60   0x08005e60   0x00000084   Code   RO         5246    i.SCSI_modeSense6   usbd_msc.o
    0x08005ee4   0x08005ee4   0x00000038   Code   RO         5247    i.SCSI_preventAllowMediaRemoval  usbd_msc.o
    0x08005f1c   0x08005f1c   0x000001bc   Code   RO         5248    i.SCSI_processRead  usbd_msc.o
    0x080060d8   0x080060d8   0x000001b8   Code   RO         5249    i.SCSI_processWrite  usbd_msc.o
    0x08006290   0x08006290   0x00000208   Code   RO         5250    i.SCSI_read10       usbd_msc.o
    0x08006498   0x08006498   0x0000022c   Code   RO         5251    i.SCSI_read12       usbd_msc.o
    0x080066c4   0x080066c4   0x00000188   Code   RO         5252    i.SCSI_readCapacity10  usbd_msc.o
    0x0800684c   0x0800684c   0x00000144   Code   RO         5253    i.SCSI_readFormatCapacity  usbd_msc.o
    0x08006990   0x08006990   0x000000c0   Code   RO         5254    i.SCSI_requestSense  usbd_msc.o
    0x08006a50   0x08006a50   0x0000007c   Code   RO         5255    i.SCSI_startStopUnit  usbd_msc.o
    0x08006acc   0x08006acc   0x00000038   Code   RO         5256    i.SCSI_testUnitReady  usbd_msc.o
    0x08006b04   0x08006b04   0x000001e0   Code   RO         5257    i.SCSI_write10      usbd_msc.o
    0x08006ce4   0x08006ce4   0x00000204   Code   RO         5258    i.SCSI_write12      usbd_msc.o
    0x08006ee8   0x08006ee8   0x00000014   Code   RO         4873    i.SPI_FLASH_BufferRead  bsp_flash_qspi.o
    0x08006efc   0x08006efc   0x00000128   Code   RO         4874    i.SPI_FLASH_BufferWrite  bsp_flash_qspi.o
    0x08007024   0x08007024   0x00000014   Code   RO         4875    i.SPI_FLASH_PageWrite  bsp_flash_qspi.o
    0x08007038   0x08007038   0x00000002   Code   RO          642    i.SVC_Handler       stm32h7xx_it.o
    0x0800703a   0x0800703a   0x00000008   Code   RO          643    i.SysTick_Handler   stm32h7xx_it.o
    0x08007042   0x08007042   0x00000002   PAD
    0x08007044   0x08007044   0x000000d0   Code   RO           15    i.SystemClock_Config  main.o
    0x08007114   0x08007114   0x00000128   Code   RO         4826    i.SystemInit        system_stm32h7xx.o
    0x0800723c   0x0800723c   0x00000058   Code   RO         4095    i.UARTEx_SetNbDataToProcess  stm32h7xx_hal_uart_ex.o
    0x08007294   0x08007294   0x000000f8   Code   RO         3699    i.UART_AdvFeatureConfig  stm32h7xx_hal_uart.o
    0x0800738c   0x0800738c   0x000000ea   Code   RO         3700    i.UART_CheckIdleState  stm32h7xx_hal_uart.o
    0x08007476   0x08007476   0x00000002   PAD
    0x08007478   0x08007478   0x0000006c   Code   RO         3711    i.UART_EndRxTransfer  stm32h7xx_hal_uart.o
    0x080074e4   0x080074e4   0x0000058c   Code   RO         3718    i.UART_SetConfig    stm32h7xx_hal_uart.o
    0x08007a70   0x08007a70   0x000000ac   Code   RO         3725    i.UART_WaitOnFlagUntilTimeout  stm32h7xx_hal_uart.o
    0x08007b1c   0x08007b1c   0x000006d4   Code   RO         5674    i.USBD_IRQHandler   usb_dc_dwc2.o
    0x080081f0   0x080081f0   0x00000028   Code   RO         4516    i.USB_ActivateSetup  stm32h7xx_ll_usb.o
    0x08008218   0x08008218   0x00000070   Code   RO         4529    i.USB_EP0_OutStart  stm32h7xx_ll_usb.o
    0x08008288   0x08008288   0x000000ec   Code   RO         4533    i.USB_EPStopXfer    stm32h7xx_ll_usb.o
    0x08008374   0x08008374   0x00000054   Code   RO         4536    i.USB_FlushTxFifo   stm32h7xx_ll_usb.o
    0x080083c8   0x080083c8   0x00000026   Code   RO         4538    i.USB_GetDevSpeed   stm32h7xx_ll_usb.o
    0x080083ee   0x080083ee   0x0000000a   Code   RO         4540    i.USB_GetMode       stm32h7xx_ll_usb.o
    0x080083f8   0x080083f8   0x00000014   Code   RO         4548    i.USB_ReadDevAllInEpInterrupt  stm32h7xx_ll_usb.o
    0x0800840c   0x0800840c   0x00000014   Code   RO         4549    i.USB_ReadDevAllOutEpInterrupt  stm32h7xx_ll_usb.o
    0x08008420   0x08008420   0x00000032   Code   RO         4550    i.USB_ReadDevInEPInterrupt  stm32h7xx_ll_usb.o
    0x08008452   0x08008452   0x0000001a   Code   RO         4551    i.USB_ReadDevOutEPInterrupt  stm32h7xx_ll_usb.o
    0x0800846c   0x0800846c   0x0000000a   Code   RO         4552    i.USB_ReadInterrupts  stm32h7xx_ll_usb.o
    0x08008476   0x08008476   0x00000060   Code   RO         4553    i.USB_ReadPacket    stm32h7xx_ll_usb.o
    0x080084d6   0x080084d6   0x00000002   PAD
    0x080084d8   0x080084d8   0x000000e8   Code   RO         4558    i.USB_SetTurnaroundTime  stm32h7xx_ll_usb.o
    0x080085c0   0x080085c0   0x00000044   Code   RO         4561    i.USB_WritePacket   stm32h7xx_ll_usb.o
    0x08008604   0x08008604   0x00000004   Code   RO          644    i.UsageFault_Handler  stm32h7xx_it.o
    0x08008608   0x08008608   0x00000020   Code   RO         6616    i.__0printf$8       mc_w.l(printf8.o)
    0x08008628   0x08008628   0x00000028   Code   RO         6618    i.__0sprintf$8      mc_w.l(printf8.o)
    0x08008650   0x08008650   0x00000010   Code   RO          914    i.__NVIC_GetPriorityGrouping  stm32h7xx_hal_cortex.o
    0x08008660   0x08008660   0x00000028   Code   RO          915    i.__NVIC_SetPriority  stm32h7xx_hal_cortex.o
    0x08008688   0x08008688   0x0000000e   Code   RO         6710    i.__scatterload_copy  mc_w.l(handlers.o)
    0x08008696   0x08008696   0x00000002   Code   RO         6711    i.__scatterload_null  mc_w.l(handlers.o)
    0x08008698   0x08008698   0x0000000e   Code   RO         6712    i.__scatterload_zeroinit  mc_w.l(handlers.o)
    0x080086a6   0x080086a6   0x00000002   PAD
    0x080086a8   0x080086a8   0x000001cc   Code   RO         5422    i.__usbd_event_ep0_setup_complete_handler  usbd_core.o
    0x08008874   0x08008874   0x00000410   Code   RO         6623    i._printf_core      mc_w.l(printf8.o)
    0x08008c84   0x08008c84   0x00000024   Code   RO         6624    i._printf_post_padding  mc_w.l(printf8.o)
    0x08008ca8   0x08008ca8   0x0000002e   Code   RO         6625    i._printf_pre_padding  mc_w.l(printf8.o)
    0x08008cd6   0x08008cd6   0x0000000a   Code   RO         6627    i._sputc            mc_w.l(printf8.o)
    0x08008ce0   0x08008ce0   0x00000404   Code   RO         6330    i.boot_load_firmware  boot.o
    0x080090e4   0x080090e4   0x000000a8   Code   RO         6331    i.boot_main         boot.o
    0x0800918c   0x0800918c   0x00000044   Code   RO         5191    i.bsp_CmpCpuFlash   bsp_cpu_flash.o
    0x080091d0   0x080091d0   0x0000004c   Code   RO         5192    i.bsp_EraseCpuFlash  bsp_cpu_flash.o
    0x0800921c   0x0800921c   0x00000124   Code   RO         5193    i.bsp_GetSector     bsp_cpu_flash.o
    0x08009340   0x08009340   0x000000c0   Code   RO         5195    i.bsp_WriteCpuFlash  bsp_cpu_flash.o
    0x08009400   0x08009400   0x00000048   Code   RO         6332    i.bsp_deinit        boot.o
    0x08009448   0x08009448   0x0000006c   Code   RO         4876    i.bsp_w25qxx_AutoPollingNotBusy  bsp_flash_qspi.o
    0x080094b4   0x080094b4   0x00000070   Code   RO         4877    i.bsp_w25qxx_AutoPollingWriteEnable  bsp_flash_qspi.o
    0x08009524   0x08009524   0x00000090   Code   RO         4880    i.bsp_w25qxx_EraseSector  bsp_flash_qspi.o
    0x080095b4   0x080095b4   0x00000074   Code   RO         4881    i.bsp_w25qxx_GetID  bsp_flash_qspi.o
    0x08009628   0x08009628   0x00000038   Code   RO         4882    i.bsp_w25qxx_GetStatusRegs  bsp_flash_qspi.o
    0x08009660   0x08009660   0x00000074   Code   RO         4883    i.bsp_w25qxx_GetUID  bsp_flash_qspi.o
    0x080096d4   0x080096d4   0x0000004a   Code   RO         4884    i.bsp_w25qxx_Init   bsp_flash_qspi.o
    0x0800971e   0x0800971e   0x00000002   PAD
    0x08009720   0x08009720   0x00000080   Code   RO         4886    i.bsp_w25qxx_Read   bsp_flash_qspi.o
    0x080097a0   0x080097a0   0x00000084   Code   RO         4887    i.bsp_w25qxx_ReadStatusReg  bsp_flash_qspi.o
    0x08009824   0x08009824   0x00000064   Code   RO         4888    i.bsp_w25qxx_Reset  bsp_flash_qspi.o
    0x08009888   0x08009888   0x000000a8   Code   RO         4889    i.bsp_w25qxx_Write  bsp_flash_qspi.o
    0x08009930   0x08009930   0x00000050   Code   RO         4890    i.bsp_w25qxx_WriteEnable  bsp_flash_qspi.o
    0x08009980   0x08009980   0x0000008c   Code   RO         4891    i.bsp_w25qxx_WriteStatusReg  bsp_flash_qspi.o
    0x08009a0c   0x08009a0c   0x000000e0   Code   RO         6048    i.check_fs          ff.o
    0x08009aec   0x08009aec   0x00000012   Code   RO         5847    i.chry_ringbuffer_check_empty  chry_ringbuffer.o
    0x08009afe   0x08009afe   0x00000018   Code   RO         5848    i.chry_ringbuffer_check_full  chry_ringbuffer.o
    0x08009b16   0x08009b16   0x0000000a   Code   RO         5853    i.chry_ringbuffer_get_used  chry_ringbuffer.o
    0x08009b20   0x08009b20   0x00000032   Code   RO         5854    i.chry_ringbuffer_init  chry_ringbuffer.o
    0x08009b52   0x08009b52   0x00000022   Code   RO         5862    i.chry_ringbuffer_peek_byte  chry_ringbuffer.o
    0x08009b74   0x08009b74   0x0000001a   Code   RO         5864    i.chry_ringbuffer_read_byte  chry_ringbuffer.o
    0x08009b8e   0x08009b8e   0x00000026   Code   RO         5868    i.chry_ringbuffer_write_byte  chry_ringbuffer.o
    0x08009bb4   0x08009bb4   0x0000001a   Code   RO         6049    i.clst2sect         ff.o
    0x08009bce   0x08009bce   0x00000072   Code   RO           16    i.cpu_mpu_config    main.o
    0x08009c40   0x08009c40   0x00000124   Code   RO         6050    i.create_chain      ff.o
    0x08009d64   0x08009d64   0x0000011c   Code   RO         6051    i.create_name       ff.o
    0x08009e80   0x08009e80   0x0000000c   Code   RO         6052    i.dbc_1st           ff.o
    0x08009e8c   0x08009e8c   0x0000000c   Code   RO         6053    i.dbc_2nd           ff.o
    0x08009e98   0x08009e98   0x00000060   Code   RO         6054    i.dir_alloc         ff.o
    0x08009ef8   0x08009ef8   0x0000005e   Code   RO         6055    i.dir_clear         ff.o
    0x08009f56   0x08009f56   0x0000006c   Code   RO         6056    i.dir_find          ff.o
    0x08009fc2   0x08009fc2   0x000000ca   Code   RO         6057    i.dir_next          ff.o
    0x0800a08c   0x0800a08c   0x00000074   Code   RO         6058    i.dir_read          ff.o
    0x0800a100   0x0800a100   0x00000042   Code   RO         6059    i.dir_register      ff.o
    0x0800a142   0x0800a142   0x0000009a   Code   RO         6061    i.dir_sdi           ff.o
    0x0800a1dc   0x0800a1dc   0x00000024   Code   RO         5991    i.disk_initialize   diskio.o
    0x0800a200   0x0800a200   0x0000004c   Code   RO         5992    i.disk_ioctl        diskio.o
    0x0800a24c   0x0800a24c   0x00000040   Code   RO         5993    i.disk_read         diskio.o
    0x0800a28c   0x0800a28c   0x00000022   Code   RO         5994    i.disk_status       diskio.o
    0x0800a2ae   0x0800a2ae   0x00000050   Code   RO         5995    i.disk_write        diskio.o
    0x0800a2fe   0x0800a2fe   0x00000002   PAD
    0x0800a300   0x0800a300   0x0000006c   Code   RO         6333    i.disp_menu         boot.o
    0x0800a36c   0x0800a36c   0x0000006c   Code   RO         5675    i.dwc2_ep0_start_read_setup  usb_dc_dwc2.o
    0x0800a3d8   0x0800a3d8   0x0000002c   Code   RO         5676    i.dwc2_ep_read      usb_dc_dwc2.o
    0x0800a404   0x0800a404   0x00000034   Code   RO         5677    i.dwc2_ep_write     usb_dc_dwc2.o
    0x0800a438   0x0800a438   0x00000070   Code   RO         5678    i.dwc2_flush_rxfifo  usb_dc_dwc2.o
    0x0800a4a8   0x0800a4a8   0x00000074   Code   RO         5679    i.dwc2_flush_txfifo  usb_dc_dwc2.o
    0x0800a51c   0x0800a51c   0x0000002c   Code   RO         5680    i.dwc2_get_devspeed  usb_dc_dwc2.o
    0x0800a548   0x0800a548   0x00000058   Code   RO         5681    i.dwc2_get_inep_intstatus  usb_dc_dwc2.o
    0x0800a5a0   0x0800a5a0   0x00000094   Code   RO         5682    i.dwc2_reset        usb_dc_dwc2.o
    0x0800a634   0x0800a634   0x00000120   Code   RO         5683    i.dwc2_set_turnaroundtime  usb_dc_dwc2.o
    0x0800a754   0x0800a754   0x000000b8   Code   RO         5684    i.dwc2_set_txfifo   usb_dc_dwc2.o
    0x0800a80c   0x0800a80c   0x000002dc   Code   RO         5685    i.dwc2_tx_fifo_empty_procecss  usb_dc_dwc2.o
    0x0800aae8   0x0800aae8   0x00000010   Code   RO         5423    i.dword2array       usbd_core.o
    0x0800aaf8   0x0800aaf8   0x00000022   Code   RO         6062    i.f_close           ff.o
    0x0800ab1a   0x0800ab1a   0x00000002   PAD
    0x0800ab1c   0x0800ab1c   0x00000060   Code   RO         6067    i.f_mount           ff.o
    0x0800ab7c   0x0800ab7c   0x000001f0   Code   RO         6068    i.f_open            ff.o
    0x0800ad6c   0x0800ad6c   0x0000006c   Code   RO         6069    i.f_opendir         ff.o
    0x0800add8   0x0800add8   0x0000019c   Code   RO         6070    i.f_read            ff.o
    0x0800af74   0x0800af74   0x0000004e   Code   RO         6071    i.f_readdir         ff.o
    0x0800afc2   0x0800afc2   0x0000003e   Code   RO         6073    i.f_stat            ff.o
    0x0800b000   0x0800b000   0x000000a0   Code   RO         6074    i.f_sync            ff.o
    0x0800b0a0   0x0800b0a0   0x00000024   Code   RO           17    i.fgetc             main.o
    0x0800b0c4   0x0800b0c4   0x00000078   Code   RO         6078    i.find_volume       ff.o
    0x0800b13c   0x0800b13c   0x0000009e   Code   RO         6079    i.follow_path       ff.o
    0x0800b1da   0x0800b1da   0x00000002   PAD
    0x0800b1dc   0x0800b1dc   0x00000018   Code   RO           19    i.fputc             main.o
    0x0800b1f4   0x0800b1f4   0x000000e0   Code   RO         6080    i.get_fat           ff.o
    0x0800b2d4   0x0800b2d4   0x00000092   Code   RO         6081    i.get_fileinfo      ff.o
    0x0800b366   0x0800b366   0x00000052   Code   RO         6082    i.get_ldnumber      ff.o
    0x0800b3b8   0x0800b3b8   0x00000004   Code   RO         6394    i.getc              mc_w.l(getc.o)
    0x0800b3bc   0x0800b3bc   0x00000020   Code   RO         5424    i.is_device_configured  usbd_core.o
    0x0800b3dc   0x0800b3dc   0x00000044   Code   RO         6334    i.jump_to_app       boot.o
    0x0800b420   0x0800b420   0x00000026   Code   RO         6083    i.ld_clust          ff.o
    0x0800b446   0x0800b446   0x00000018   Code   RO         6084    i.ld_dword          ff.o
    0x0800b45e   0x0800b45e   0x0000000c   Code   RO         6085    i.ld_word           ff.o
    0x0800b46a   0x0800b46a   0x00000002   PAD
    0x0800b46c   0x0800b46c   0x00000178   Code   RO           20    i.main              main.o
    0x0800b5e4   0x0800b5e4   0x000000b0   Code   RO         5259    i.mass_storage_bulk_in  usbd_msc.o
    0x0800b694   0x0800b694   0x000000dc   Code   RO         5260    i.mass_storage_bulk_out  usbd_msc.o
    0x0800b770   0x0800b770   0x000002a4   Code   RO         6086    i.mount_volume      ff.o
    0x0800ba14   0x0800ba14   0x00000034   Code   RO         6087    i.move_window       ff.o
    0x0800ba48   0x0800ba48   0x0000003c   Code   RO         5034    i.msc_ram_init      bsp_usb_msc.o
    0x0800ba84   0x0800ba84   0x0000000c   Code   RO         5035    i.msc_ram_polling   bsp_usb_msc.o
    0x0800ba90   0x0800ba90   0x00000094   Code   RO         5261    i.msc_storage_class_interface_request_handler  usbd_msc.o
    0x0800bb24   0x0800bb24   0x00000084   Code   RO         5262    i.msc_storage_notify_handler  usbd_msc.o
    0x0800bba8   0x0800bba8   0x00000138   Code   RO         6088    i.put_fat           ff.o
    0x0800bce0   0x0800bce0   0x0000009a   Code   RO         6089    i.remove_chain      ff.o
    0x0800bd7a   0x0800bd7a   0x00000024   Code   RO         6090    i.st_clust          ff.o
    0x0800bd9e   0x0800bd9e   0x00000018   Code   RO         6091    i.st_dword          ff.o
    0x0800bdb6   0x0800bdb6   0x0000000c   Code   RO         6092    i.st_word           ff.o
    0x0800bdc2   0x0800bdc2   0x00000002   PAD
    0x0800bdc4   0x0800bdc4   0x00000090   Code   RO         6093    i.sync_fs           ff.o
    0x0800be54   0x0800be54   0x0000004a   Code   RO         6094    i.sync_window       ff.o
    0x0800be9e   0x0800be9e   0x00000002   PAD
    0x0800bea0   0x0800bea0   0x000005b4   Code   RO         5687    i.usb_dc_init       usb_dc_dwc2.o
    0x0800c454   0x0800c454   0x000000c8   Code   RO         5037    i.usb_dc_low_level_init  bsp_usb_msc.o
    0x0800c51c   0x0800c51c   0x000000ea   Code   RO         5427    i.usb_memcpy        usbd_core.o
    0x0800c606   0x0800c606   0x00000002   PAD
    0x0800c608   0x0800c608   0x0000008c   Code   RO         5428    i.usbd_add_endpoint  usbd_core.o
    0x0800c694   0x0800c694   0x00000054   Code   RO         5429    i.usbd_add_interface  usbd_core.o
    0x0800c6e8   0x0800c6e8   0x00000070   Code   RO         5431    i.usbd_class_event_notify_handler  usbd_core.o
    0x0800c758   0x0800c758   0x000000bc   Code   RO         5432    i.usbd_class_request_handler  usbd_core.o
    0x0800c814   0x0800c814   0x0000007c   Code   RO         5434    i.usbd_desc_register  usbd_core.o
    0x0800c890   0x0800c890   0x0000000c   Code   RO         5823    i.usbd_dwc2_delay_ms  usb_glue_st.o
    0x0800c89c   0x0800c89c   0x00000114   Code   RO         5688    i.usbd_ep_clear_stall  usb_dc_dwc2.o
    0x0800c9b0   0x0800c9b0   0x00000248   Code   RO         5689    i.usbd_ep_close     usb_dc_dwc2.o
    0x0800cbf8   0x0800cbf8   0x00000060   Code   RO         5690    i.usbd_ep_is_stalled  usb_dc_dwc2.o
    0x0800cc58   0x0800cc58   0x00000230   Code   RO         5691    i.usbd_ep_open      usb_dc_dwc2.o
    0x0800ce88   0x0800ce88   0x000000f0   Code   RO         5692    i.usbd_ep_set_stall  usb_dc_dwc2.o
    0x0800cf78   0x0800cf78   0x00000374   Code   RO         5693    i.usbd_ep_start_read  usb_dc_dwc2.o
    0x0800d2ec   0x0800d2ec   0x000003b4   Code   RO         5694    i.usbd_ep_start_write  usb_dc_dwc2.o
    0x0800d6a0   0x0800d6a0   0x000000c0   Code   RO         5437    i.usbd_event_ep0_in_complete_handler  usbd_core.o
    0x0800d760   0x0800d760   0x000000d0   Code   RO         5438    i.usbd_event_ep0_out_complete_handler  usbd_core.o
    0x0800d830   0x0800d830   0x00000028   Code   RO         5439    i.usbd_event_ep0_setup_complete_handler  usbd_core.o
    0x0800d858   0x0800d858   0x00000050   Code   RO         5440    i.usbd_event_ep_in_complete_handler  usbd_core.o
    0x0800d8a8   0x0800d8a8   0x00000050   Code   RO         5441    i.usbd_event_ep_out_complete_handler  usbd_core.o
    0x0800d8f8   0x0800d8f8   0x0000002a   Code   RO         5038    i.usbd_event_handler  bsp_usb_msc.o
    0x0800d922   0x0800d922   0x00000002   PAD
    0x0800d924   0x0800d924   0x00000088   Code   RO         5442    i.usbd_event_reset_handler  usbd_core.o
    0x0800d9ac   0x0800d9ac   0x00000030   Code   RO         5443    i.usbd_event_resume_handler  usbd_core.o
    0x0800d9dc   0x0800d9dc   0x00000040   Code   RO         5444    i.usbd_event_suspend_handler  usbd_core.o
    0x0800da1c   0x0800da1c   0x00000188   Code   RO         5445    i.usbd_get_descriptor  usbd_core.o
    0x0800dba4   0x0800dba4   0x00000008   Code   RO         5824    i.usbd_get_dwc2_gccfg_conf  usb_glue_st.o
    0x0800dbac   0x0800dbac   0x0000008c   Code   RO         5448    i.usbd_initialize   usbd_core.o
    0x0800dc38   0x0800dc38   0x0000006c   Code   RO         5263    i.usbd_msc_bot_abort  usbd_msc.o
    0x0800dca4   0x0800dca4   0x0000000e   Code   RO         5039    i.usbd_msc_get_cap  bsp_usb_msc.o
    0x0800dcb2   0x0800dcb2   0x00000002   PAD
    0x0800dcb4   0x0800dcb4   0x00000128   Code   RO         5265    i.usbd_msc_init_intf  usbd_msc.o
    0x0800dddc   0x0800dddc   0x0000006c   Code   RO         5266    i.usbd_msc_polling  usbd_msc.o
    0x0800de48   0x0800de48   0x00000028   Code   RO         5267    i.usbd_msc_reset    usbd_msc.o
    0x0800de70   0x0800de70   0x00000026   Code   RO         5040    i.usbd_msc_sector_read  bsp_usb_msc.o
    0x0800de96   0x0800de96   0x00000036   Code   RO         5041    i.usbd_msc_sector_write  bsp_usb_msc.o
    0x0800decc   0x0800decc   0x0000006c   Code   RO         5268    i.usbd_msc_send_csw  usbd_msc.o
    0x0800df38   0x0800df38   0x00000094   Code   RO         5269    i.usbd_msc_send_info  usbd_msc.o
    0x0800dfcc   0x0800dfcc   0x00000038   Code   RO         5451    i.usbd_print_setup  usbd_core.o
    0x0800e004   0x0800e004   0x00000018   Code   RO         5452    i.usbd_reset_endpoint  usbd_core.o
    0x0800e01c   0x0800e01c   0x00000048   Code   RO         5696    i.usbd_set_address  usb_dc_dwc2.o
    0x0800e064   0x0800e064   0x00000098   Code   RO         5454    i.usbd_set_configuration  usbd_core.o
    0x0800e0fc   0x0800e0fc   0x000000b8   Code   RO         5455    i.usbd_set_endpoint  usbd_core.o
    0x0800e1b4   0x0800e1b4   0x000000bc   Code   RO         5456    i.usbd_set_interface  usbd_core.o
    0x0800e270   0x0800e270   0x0000011c   Code   RO         5457    i.usbd_setup_request_handler  usbd_core.o
    0x0800e38c   0x0800e38c   0x0000006c   Code   RO         5458    i.usbd_standard_request_handler  usbd_core.o
    0x0800e3f8   0x0800e3f8   0x000001a8   Code   RO         5459    i.usbd_std_device_req_handler  usbd_core.o
    0x0800e5a0   0x0800e5a0   0x00000100   Code   RO         5460    i.usbd_std_endpoint_req_handler  usbd_core.o
    0x0800e6a0   0x0800e6a0   0x0000017c   Code   RO         5461    i.usbd_std_interface_req_handler  usbd_core.o
    0x0800e81c   0x0800e81c   0x00000288   Code   RO         5462    i.usbd_vendor_request_handler  usbd_core.o
    0x0800eaa4   0x0800eaa4   0x0000001c   Code   RO         5271    i.usdb_msc_set_max_lun  usbd_msc.o
    0x0800eac0   0x0800eac0   0x0000003c   Code   RO         6095    i.validate          ff.o
    0x0800eafc   0x0800eafc   0x0000015c   Code   RO         6335    i.view_root_dir     boot.o
    0x0800ec58   0x0800ec58   0x00000018   Data   RO         3726    .constdata          stm32h7xx_hal_uart.o
    0x0800ec70   0x0800ec70   0x00000010   Data   RO         4097    .constdata          stm32h7xx_hal_uart_ex.o
    0x0800ec80   0x0800ec80   0x00000010   Data   RO         4827    .constdata          system_stm32h7xx.o
    0x0800ec90   0x0800ec90   0x00000087   Data   RO         5043    .constdata          bsp_usb_msc.o
    0x0800ed17   0x0800ed17   0x00000080   Data   RO         6097    .constdata          ff.o
    0x0800ed97   0x0800ed97   0x00000001   PAD
    0x0800ed98   0x0800ed98   0x00000041   Data   RO         5273    .conststring        usbd_msc.o
    0x0800edd9   0x0800edd9   0x00000003   PAD
    0x0800eddc   0x0800eddc   0x0000005d   Data   RO         5464    .conststring        usbd_core.o
    0x0800ee39   0x0800ee39   0x00000003   PAD
    0x0800ee3c   0x0800ee3c   0x0000005a   Data   RO         5698    .conststring        usb_dc_dwc2.o
    0x0800ee96   0x0800ee96   0x00000002   PAD
    0x0800ee98   0x0800ee98   0x000002b4   Data   RO         6337    .conststring        boot.o
    0x0800f14c   0x0800f14c   0x00000030   Data   RO         6708    Region$$Table       anon$$obj.o


    Execution Region RW_IRAM1 (Exec base: 0x20000000, Load base: 0x0800f17c, Size: 0x00000000, Max: 0x00020000, ABSOLUTE)

    **** No section assigned to this execution region ****


    Execution Region RW_IRAM2 (Exec base: 0x24000000, Load base: 0x0800f17c, Size: 0x00004798, Max: 0x0007c000, ABSOLUTE)

    Exec Addr    Load Addr    Size         Type   Attr      Idx    E Section Name        Object

    0x24000000   0x0800f17c   0x00000009   Data   RW         2518    .data               stm32h7xx_hal.o
    0x24000009   0x0800f185   0x00000003   PAD
    0x2400000c   0x0800f188   0x00000008   Data   RW         4828    .data               system_stm32h7xx.o
    0x24000014   0x0800f190   0x00000004   PAD
    0x24000018   0x0800f194   0x00000018   Data   RW         4893    .data               bsp_flash_qspi.o
    0x24000030   0x0800f1ac   0x00000008   Data   RW         5465    .data               usbd_core.o
    0x24000038   0x0800f1b4   0x00000002   Data   RW         6098    .data               ff.o
    0x2400003a   0x0800f1b6   0x00000002   PAD
    0x2400003c   0x0800f1b8   0x00000060   Data   RW         6338    .data               boot.o
    0x2400009c   0x0800f218   0x00000004   Data   RW         6396    .data               mc_w.l(stdin.o)
    0x240000a0   0x0800f21c   0x00000004   Data   RW         6684    .data               mc_w.l(stdout.o)
    0x240000a4        -       0x0000006c   Zero   RW          331    .bss                mdma.o
    0x24000110        -       0x0000004c   Zero   RW          506    .bss                quadspi.o
    0x2400015c        -       0x00000094   Zero   RW          552    .bss                usart.o
    0x240001f0        -       0x000004e4   Zero   RW          594    .bss                usb_otg.o
    0x240006d4        -       0x0000001c   Zero   RW         1351    .bss                stm32h7xx_hal_flash.o
    0x240006f0        -       0x0000001c   Zero   RW         5042    .bss                bsp_usb_msc.o
    0x2400070c        -       0x00000010   Zero   RW         5272    .bss                usbd_msc.o
    0x2400071c        -       0x0000000c   Zero   RW         6096    .bss                ff.o
    0x24000728        -       0x00003070   Zero   RW         6336    .bss                boot.o
    0x24003798        -       0x00001000   Zero   RW            1    STACK               startup_stm32h750xx.o


    Execution Region RW_IRAM3 (Exec base: 0x2407c000, Load base: 0x0800f220, Size: 0x00001460, Max: 0x00004000, ABSOLUTE, COMPRESSED[0x0000002c])

    Exec Addr    Load Addr    Size         Type   Attr      Idx    E Section Name        Object

    0x2407c000   COMPRESSED   0x00001060   Data   RW         5274    .noncacheable       usbd_msc.o
    0x2407d060   COMPRESSED   0x0000031c   Data   RW         5466    .noncacheable       usbd_core.o
    0x2407d37c   COMPRESSED   0x00000004   PAD
    0x2407d380   COMPRESSED   0x000000e0   Data   RW         5699    .noncacheable       usb_dc_dwc2.o


==============================================================================

Image component sizes


      Code (inc. data)   RO Data    RW Data    ZI Data      Debug   Object Name

      1792        754        692         96      12400      10891   boot.o
       628         60          0          0          0       9374   bsp_cpu_flash.o
      1916        102          0         24          0      15074   bsp_flash_qspi.o
       420         34        135          0         28      23743   bsp_usb_msc.o
       200          0          0          0          0       5830   chry_ringbuffer.o
       290          0          0          0          0       7250   diskio.o
      5480         84        128          2         12      44868   ff.o
       240         14          0          0          0       1047   gpio.o
       850         38          0          0          0    1202627   main.o
       144         12          0          0        108    1263103   mdma.o
       400         32          0          0         76       1921   quadspi.o
        44         12        664          0       4096        836   startup_stm32h750xx.o
       272         52          0          9          0      23300   stm32h7xx_hal.o
       510         40          0          0          0      42117   stm32h7xx_hal_cortex.o
       724         72          0          0         28      14434   stm32h7xx_hal_flash.o
       572         32          0          0          0       2745   stm32h7xx_hal_flash_ex.o
       536         52          0          0          0       2775   stm32h7xx_hal_gpio.o
      1274          4          0          0          0       6247   stm32h7xx_hal_mdma.o
        36          4          0          0          0        802   stm32h7xx_hal_msp.o
      2500         16          0          0          0      12159   stm32h7xx_hal_pcd.o
         2          0          0          0          0        977   stm32h7xx_hal_pcd_ex.o
       116         12          0          0          0       1334   stm32h7xx_hal_pwr_ex.o
      3668         36          0          0          0      18358   stm32h7xx_hal_qspi.o
      4196        154          0          0          0       7829   stm32h7xx_hal_rcc.o
      5300        108          0          0          0       7245   stm32h7xx_hal_rcc_ex.o
      2770        126         24          0          0      27537   stm32h7xx_hal_uart.o
       354         10         16          0          0       3641   stm32h7xx_hal_uart_ex.o
        86         16          0          0          0       5645   stm32h7xx_it.o
      1042         46          0          0          0      10838   stm32h7xx_ll_usb.o
       332         46         16          8          0       1761   system_stm32h7xx.o
       264         22          0          0        148       1814   usart.o
      8784        724         90        224          0      19614   usb_dc_dwc2.o
        20          0          0          0          0       1168   usb_glue_st.o
         0          0          0          0       1252        218   usb_otg.o
      5474        518         93        804          0      27428   usbd_core.o
      6904        752         65       4192         16      23481   usbd_msc.o

    ----------------------------------------------------------------------
     58178       3984       1980       5372      18164    2850031   Object Totals
         0          0         48          0          0          0   (incl. Generated)
        38          0          9         13          0          0   (incl. Padding)

    ----------------------------------------------------------------------

      Code (inc. data)   RO Data    RW Data    ZI Data      Debug   Library Member Name

        86          0          0          0          0          0   __dczerorl2.o
         0          0          0          0          0          0   entry.o
         0          0          0          0          0          0   entry10a.o
         0          0          0          0          0          0   entry11a.o
         8          4          0          0          0          0   entry2.o
         4          0          0          0          0          0   entry5.o
         0          0          0          0          0          0   entry7b.o
         0          0          0          0          0          0   entry8b.o
         8          4          0          0          0          0   entry9a.o
         4          0          0          0          0         68   getc.o
        30          0          0          0          0          0   handlers.o
        36          8          0          0          0         68   init.o
        30          0          0          0          0         68   llshl.o
        32          0          0          0          0         68   llushr.o
        26          0          0          0          0         80   memcmp.o
        36          0          0          0          0         68   memcpya.o
        36          0          0          0          0        108   memseta.o
      1204         60          0          0          0        504   printf8.o
         0          0          0          4          0          0   stdin.o
         0          0          0          4          0          0   stdout.o
        20          0          0          0          0         68   strchr.o
        98          0          0          0          0         92   uldiv.o

    ----------------------------------------------------------------------
      1662         76          0          8          0       1192   Library Totals
         4          0          0          0          0          0   (incl. Padding)

    ----------------------------------------------------------------------

      Code (inc. data)   RO Data    RW Data    ZI Data      Debug   Library Name

      1658         76          0          8          0       1192   mc_w.l

    ----------------------------------------------------------------------
      1662         76          0          8          0       1192   Library Totals

    ----------------------------------------------------------------------

==============================================================================


      Code (inc. data)   RO Data    RW Data    ZI Data      Debug   

     59840       4060       1980       5380      18164    2820735   Grand Totals
     59840       4060       1980        208      18164    2820735   ELF Image Totals (compressed)
     59840       4060       1980        208          0          0   ROM Totals

==============================================================================

    Total RO  Size (Code + RO Data)                61820 (  60.37kB)
    Total RW  Size (RW Data + ZI Data)             23544 (  22.99kB)
    Total ROM Size (Code + RO Data + RW Data)      62028 (  60.57kB)

==============================================================================

